<html>
<body>
<pre>
<h1>µVision Build Log</h1>
<h2>Tool Versions:</h2>
IDE-Version: µVision V5.25.2.0
Copyright (C) 2018 ARM Ltd and ARM Germany GmbH. All rights reserved.
License Information: sidhfkfhg Microsoft, Microsoft, LIC=1WSII-T4LKI-MR7XP-M9GIN-8EHBH-S6H8Z
 
Tool Versions:
Toolchain:       MDK-ARM Professional  Version: 5.25.2.0
Toolchain Path:  C:\Keil_v5\ARM\ARMCC\Bin
C Compiler:      Armcc.exe V5.06 update 6 (build 750)
Assembler:       Armasm.exe V5.06 update 6 (build 750)
Linker/Locator:  ArmLink.exe V5.06 update 6 (build 750)
Library Manager: ArmAr.exe V5.06 update 6 (build 750)
Hex Converter:   FromElf.exe V5.06 update 6 (build 750)
CPU DLL:         SARMCM3.DLL V5.25.2.0
Dialog DLL:      DCM.DLL V1.17.1.0
Target DLL:      STLink\ST-LINKIII-KEIL_SWO.dll V3.0.1.0
Dialog DLL:      TCM.DLL V1.35.1.0
 
<h2>Project:</h2>
C:\Users\manojkumar\Downloads\TravellerDevice-20180822T170639Z-001\TravellerDevice\ProjectDevelopment\Project\Traveller Device\MDK-ARM\Traveller Device.uvprojx
Project File Date:  08/23/2018

<h2>Output:</h2>
*** Using Compiler 'V5.06 update 6 (build 750)', folder: 'C:\Keil_v5\ARM\ARMCC\Bin'
Build target 'Traveller Device'
assembling startup_stm32l476xx.s...
compiling stm32l4xx_hal_msp.c...
compiling main.c...
compiling stm32l4xx_it.c...
compiling stm32l4xx_hal_adc_ex.c...
compiling stm32l4xx_hal_i2c.c...
compiling stm32l4xx_hal_adc.c...
compiling stm32l4xx_hal_i2c_ex.c...
compiling stm32l4xx_hal_sai_ex.c...
compiling stm32l4xx_hal_sai.c...
compiling stm32l4xx_hal_tim_ex.c...
compiling stm32l4xx_hal_uart.c...
compiling stm32l4xx_hal_tim.c...
compiling stm32l4xx_hal.c...
compiling stm32l4xx_hal_uart_ex.c...
compiling stm32l4xx_hal_rcc.c...
compiling stm32l4xx_hal_flash_ex.c...
compiling stm32l4xx_hal_flash.c...
compiling stm32l4xx_hal_rcc_ex.c...
compiling stm32l4xx_hal_flash_ramfunc.c...
compiling stm32l4xx_hal_dma.c...
compiling stm32l4xx_hal_gpio.c...
compiling stm32l4xx_hal_dma_ex.c...
compiling stm32l4xx_hal_pwr.c...
compiling stm32l4xx_hal_pwr_ex.c...
compiling system_stm32l4xx.c...
compiling stm32l4xx_hal_cortex.c...
linking...
Program Size: Code=13040 RO-data=496 RW-data=12 ZI-data=1660  
FromELF: creating hex file...
"Traveller Device\Traveller Device.axf" - 0 Error(s), 0 Warning(s).

<h2>Software Packages used:</h2>

Package Vendor: ARM
                http://www.keil.com/pack/ARM.CMSIS.5.3.0.pack
                ARM.CMSIS.5.3.0
                CMSIS (Cortex Microcontroller Software Interface Standard)
   * Component: CORE Version: 5.1.1

Package Vendor: Keil
                http://www.keil.com/pack/Keil.STM32L4xx_DFP.2.0.0.pack
                Keil.STM32L4xx_DFP.2.0.0
                STMicroelectronics STM32L4 Series Device Support, Drivers and Examples

<h2>Collection of Component include folders:</h2>
  .\RTE\_Traveller_Device
  C:\Keil_v5\ARM\PACK\ARM\CMSIS\5.3.0\CMSIS\Include
  C:\Keil_v5\ARM\PACK\Keil\STM32L4xx_DFP\2.0.0\Drivers\CMSIS\Device\ST\STM32L4xx\Include

<h2>Collection of Component Files used:</h2>

   * Component: ARM::CMSIS:CORE:5.1.1
Build Time Elapsed:  00:01:56
</pre>
</body>
</html>
