Component: ARM Compiler 5.06 update 5 (build 528) Tool: armlink [4d35e2]

==============================================================================

Section Cross References

    startup_stm32l476xx.o(RESET) refers to startup_stm32l476xx.o(STACK) for __initial_sp
    startup_stm32l476xx.o(RESET) refers to startup_stm32l476xx.o(.text) for Reset_Handler
    startup_stm32l476xx.o(RESET) refers to stm32l4xx_it.o(i.SysTick_Handler) for SysTick_Handler
    startup_stm32l476xx.o(RESET) refers to stm32l4xx_it.o(i.OTG_FS_IRQHandler) for OTG_FS_IRQHandler
    startup_stm32l476xx.o(.text) refers to system_stm32l4xx.o(i.SystemInit) for SystemInit
    startup_stm32l476xx.o(.text) refers to entry.o(.ARM.Collect$$$$00000000) for __main
    stm32l4xx_hal_dma.o(i.HAL_DMA_PollForTransfer) refers to stm32l4xx_hal.o(i.HAL_GetTick) for HAL_GetTick
    stm32l4xx_hal_dma.o(i.HAL_DMA_Start) refers to stm32l4xx_hal_dma.o(i.DMA_SetConfig) for DMA_SetConfig
    stm32l4xx_hal_dma.o(i.HAL_DMA_Start_IT) refers to stm32l4xx_hal_dma.o(i.DMA_SetConfig) for DMA_SetConfig
    stm32l4xx_hal_lcd.o(i.HAL_LCD_Clear) refers to stm32l4xx_hal.o(i.HAL_GetTick) for HAL_GetTick
    stm32l4xx_hal_lcd.o(i.HAL_LCD_Clear) refers to stm32l4xx_hal_lcd.o(i.HAL_LCD_UpdateDisplayRequest) for HAL_LCD_UpdateDisplayRequest
    stm32l4xx_hal_lcd.o(i.HAL_LCD_DeInit) refers to stm32l4xx_hal_msp.o(i.HAL_LCD_MspDeInit) for HAL_LCD_MspDeInit
    stm32l4xx_hal_lcd.o(i.HAL_LCD_Init) refers to stm32l4xx_hal_msp.o(i.HAL_LCD_MspInit) for HAL_LCD_MspInit
    stm32l4xx_hal_lcd.o(i.HAL_LCD_Init) refers to stm32l4xx_hal_lcd.o(i.LCD_WaitForSynchro) for LCD_WaitForSynchro
    stm32l4xx_hal_lcd.o(i.HAL_LCD_Init) refers to stm32l4xx_hal.o(i.HAL_GetTick) for HAL_GetTick
    stm32l4xx_hal_lcd.o(i.HAL_LCD_UpdateDisplayRequest) refers to stm32l4xx_hal.o(i.HAL_GetTick) for HAL_GetTick
    stm32l4xx_hal_lcd.o(i.HAL_LCD_Write) refers to stm32l4xx_hal.o(i.HAL_GetTick) for HAL_GetTick
    stm32l4xx_hal_lcd.o(i.LCD_WaitForSynchro) refers to stm32l4xx_hal.o(i.HAL_GetTick) for HAL_GetTick
    stm32l4xx_hal_qspi.o(i.HAL_QSPI_Abort) refers to stm32l4xx_hal.o(i.HAL_GetTick) for HAL_GetTick
    stm32l4xx_hal_qspi.o(i.HAL_QSPI_Abort) refers to stm32l4xx_hal_dma.o(i.HAL_DMA_Abort) for HAL_DMA_Abort
    stm32l4xx_hal_qspi.o(i.HAL_QSPI_Abort) refers to stm32l4xx_hal_qspi.o(i.QSPI_WaitFlagStateUntilTimeout) for QSPI_WaitFlagStateUntilTimeout
    stm32l4xx_hal_qspi.o(i.HAL_QSPI_Abort_IT) refers to stm32l4xx_hal_dma.o(i.HAL_DMA_Abort_IT) for HAL_DMA_Abort_IT
    stm32l4xx_hal_qspi.o(i.HAL_QSPI_Abort_IT) refers to stm32l4xx_hal_qspi.o(i.QSPI_DMAAbortCplt) for QSPI_DMAAbortCplt
    stm32l4xx_hal_qspi.o(i.HAL_QSPI_AutoPolling) refers to stm32l4xx_hal.o(i.HAL_GetTick) for HAL_GetTick
    stm32l4xx_hal_qspi.o(i.HAL_QSPI_AutoPolling) refers to stm32l4xx_hal_qspi.o(i.QSPI_WaitFlagStateUntilTimeout) for QSPI_WaitFlagStateUntilTimeout
    stm32l4xx_hal_qspi.o(i.HAL_QSPI_AutoPolling) refers to stm32l4xx_hal_qspi.o(i.QSPI_Config) for QSPI_Config
    stm32l4xx_hal_qspi.o(i.HAL_QSPI_AutoPolling_IT) refers to stm32l4xx_hal.o(i.HAL_GetTick) for HAL_GetTick
    stm32l4xx_hal_qspi.o(i.HAL_QSPI_AutoPolling_IT) refers to stm32l4xx_hal_qspi.o(i.QSPI_WaitFlagStateUntilTimeout) for QSPI_WaitFlagStateUntilTimeout
    stm32l4xx_hal_qspi.o(i.HAL_QSPI_AutoPolling_IT) refers to stm32l4xx_hal_qspi.o(i.QSPI_Config) for QSPI_Config
    stm32l4xx_hal_qspi.o(i.HAL_QSPI_Command) refers to stm32l4xx_hal.o(i.HAL_GetTick) for HAL_GetTick
    stm32l4xx_hal_qspi.o(i.HAL_QSPI_Command) refers to stm32l4xx_hal_qspi.o(i.QSPI_WaitFlagStateUntilTimeout) for QSPI_WaitFlagStateUntilTimeout
    stm32l4xx_hal_qspi.o(i.HAL_QSPI_Command) refers to stm32l4xx_hal_qspi.o(i.QSPI_Config) for QSPI_Config
    stm32l4xx_hal_qspi.o(i.HAL_QSPI_Command_IT) refers to stm32l4xx_hal.o(i.HAL_GetTick) for HAL_GetTick
    stm32l4xx_hal_qspi.o(i.HAL_QSPI_Command_IT) refers to stm32l4xx_hal_qspi.o(i.QSPI_WaitFlagStateUntilTimeout) for QSPI_WaitFlagStateUntilTimeout
    stm32l4xx_hal_qspi.o(i.HAL_QSPI_Command_IT) refers to stm32l4xx_hal_qspi.o(i.QSPI_Config) for QSPI_Config
    stm32l4xx_hal_qspi.o(i.HAL_QSPI_DeInit) refers to stm32l4xx_hal_msp.o(i.HAL_QSPI_MspDeInit) for HAL_QSPI_MspDeInit
    stm32l4xx_hal_qspi.o(i.HAL_QSPI_IRQHandler) refers to stm32l4xx_hal_qspi.o(i.HAL_QSPI_FifoThresholdCallback) for HAL_QSPI_FifoThresholdCallback
    stm32l4xx_hal_qspi.o(i.HAL_QSPI_IRQHandler) refers to stm32l4xx_hal_qspi.o(i.HAL_QSPI_Abort_IT) for HAL_QSPI_Abort_IT
    stm32l4xx_hal_qspi.o(i.HAL_QSPI_IRQHandler) refers to stm32l4xx_hal_qspi.o(i.HAL_QSPI_TxCpltCallback) for HAL_QSPI_TxCpltCallback
    stm32l4xx_hal_qspi.o(i.HAL_QSPI_IRQHandler) refers to stm32l4xx_hal_qspi.o(i.HAL_QSPI_RxCpltCallback) for HAL_QSPI_RxCpltCallback
    stm32l4xx_hal_qspi.o(i.HAL_QSPI_IRQHandler) refers to stm32l4xx_hal_qspi.o(i.HAL_QSPI_CmdCpltCallback) for HAL_QSPI_CmdCpltCallback
[...]
    ../Src/usbh_platform.c                   0x00000000   Number         0  usbh_platform.o ABSOLUTE
    ../clib/microlib/division.c              0x00000000   Number         0  uldiv.o ABSOLUTE
    ../clib/microlib/init/entry.s            0x00000000   Number         0  entry.o ABSOLUTE
    ../clib/microlib/init/entry.s            0x00000000   Number         0  entry5.o ABSOLUTE
    ../clib/microlib/init/entry.s            0x00000000   Number         0  entry10b.o ABSOLUTE
    ../clib/microlib/init/entry.s            0x00000000   Number         0  entry2.o ABSOLUTE
    ../clib/microlib/init/entry.s            0x00000000   Number         0  entry11b.o ABSOLUTE
    ../clib/microlib/init/entry.s            0x00000000   Number         0  entry11a.o ABSOLUTE
    ../clib/microlib/init/entry.s            0x00000000   Number         0  entry10a.o ABSOLUTE
    ../clib/microlib/init/entry.s            0x00000000   Number         0  entry9b.o ABSOLUTE
    ../clib/microlib/init/entry.s            0x00000000   Number         0  entry9a.o ABSOLUTE
    ../clib/microlib/init/entry.s            0x00000000   Number         0  entry8b.o ABSOLUTE
    ../clib/microlib/init/entry.s            0x00000000   Number         0  entry8a.o ABSOLUTE
    ../clib/microlib/init/entry.s            0x00000000   Number         0  entry7b.o ABSOLUTE
    ../clib/microlib/init/entry.s            0x00000000   Number         0  entry7a.o ABSOLUTE
    ../clib/microlib/longlong.c              0x00000000   Number         0  llshl.o ABSOLUTE
    ../clib/microlib/longlong.c              0x00000000   Number         0  llushr.o ABSOLUTE
    ../clib/microlib/malloc/malloc.c         0x00000000   Number         0  malloc.o ABSOLUTE
    ../clib/microlib/malloc/malloc.c         0x00000000   Number         0  malloca.o ABSOLUTE
    ../clib/microlib/malloc/malloc.c         0x00000000   Number         0  mallocr.o ABSOLUTE
    ../clib/microlib/malloc/malloc.c         0x00000000   Number         0  mallocra.o ABSOLUTE
    ../clib/microlib/malloc/mvars.c          0x00000000   Number         0  mvars.o ABSOLUTE
    ../clib/microlib/string/memcpy.c         0x00000000   Number         0  memcpya.o ABSOLUTE
    ../clib/microlib/string/memcpy.c         0x00000000   Number         0  memcpyb.o ABSOLUTE
    ..\Drivers\STM32L4xx_HAL_Driver\Src\stm32l4xx_hal.c 0x00000000   Number         0  stm32l4xx_hal.o ABSOLUTE
    ..\Drivers\STM32L4xx_HAL_Driver\Src\stm32l4xx_hal_cortex.c 0x00000000   Number         0  stm32l4xx_hal_cortex.o ABSOLUTE
    ..\Drivers\STM32L4xx_HAL_Driver\Src\stm32l4xx_hal_dma.c 0x00000000   Number         0  stm32l4xx_hal_dma.o ABSOLUTE
    ..\Drivers\STM32L4xx_HAL_Driver\Src\stm32l4xx_hal_dma_ex.c 0x00000000   Number         0  stm32l4xx_hal_dma_ex.o ABSOLUTE
    ..\Drivers\STM32L4xx_HAL_Driver\Src\stm32l4xx_hal_flash.c 0x00000000   Number         0  stm32l4xx_hal_flash.o ABSOLUTE
    ..\Drivers\STM32L4xx_HAL_Driver\Src\stm32l4xx_hal_flash_ex.c 0x00000000   Number         0  stm32l4xx_hal_flash_ex.o ABSOLUTE
    ..\Drivers\STM32L4xx_HAL_Driver\Src\stm32l4xx_hal_flash_ramfunc.c 0x00000000   Number         0  stm32l4xx_hal_flash_ramfunc.o ABSOLUTE
    ..\Drivers\STM32L4xx_HAL_Driver\Src\stm32l4xx_hal_gpio.c 0x00000000   Number         0  stm32l4xx_hal_gpio.o ABSOLUTE
    ..\Drivers\STM32L4xx_HAL_Driver\Src\stm32l4xx_hal_hcd.c 0x00000000   Number         0  stm32l4xx_hal_hcd.o ABSOLUTE
    ..\Drivers\STM32L4xx_HAL_Driver\Src\stm32l4xx_hal_i2c.c 0x00000000   Number         0  stm32l4xx_hal_i2c.o ABSOLUTE
    ..\Drivers\STM32L4xx_HAL_Driver\Src\stm32l4xx_hal_i2c_ex.c 0x00000000   Number         0  stm32l4xx_hal_i2c_ex.o ABSOLUTE
    ..\Drivers\STM32L4xx_HAL_Driver\Src\stm32l4xx_hal_lcd.c 0x00000000   Number         0  stm32l4xx_hal_lcd.o ABSOLUTE
    ..\Drivers\STM32L4xx_HAL_Driver\Src\stm32l4xx_hal_pwr.c 0x00000000   Number         0  stm32l4xx_hal_pwr.o ABSOLUTE
    ..\Drivers\STM32L4xx_HAL_Driver\Src\stm32l4xx_hal_pwr_ex.c 0x00000000   Number         0  stm32l4xx_hal_pwr_ex.o ABSOLUTE
    ..\Drivers\STM32L4xx_HAL_Driver\Src\stm32l4xx_hal_qspi.c 0x00000000   Number         0  stm32l4xx_hal_qspi.o ABSOLUTE
    ..\Drivers\STM32L4xx_HAL_Driver\Src\stm32l4xx_hal_rcc.c 0x00000000   Number         0  stm32l4xx_hal_rcc.o ABSOLUTE
    ..\Drivers\STM32L4xx_HAL_Driver\Src\stm32l4xx_hal_rcc_ex.c 0x00000000   Number         0  stm32l4xx_hal_rcc_ex.o ABSOLUTE
    ..\Drivers\STM32L4xx_HAL_Driver\Src\stm32l4xx_hal_sai.c 0x00000000   Number         0  stm32l4xx_hal_sai.o ABSOLUTE
    ..\Drivers\STM32L4xx_HAL_Driver\Src\stm32l4xx_hal_sai_ex.c 0x00000000   Number         0  stm32l4xx_hal_sai_ex.o ABSOLUTE
    ..\Drivers\STM32L4xx_HAL_Driver\Src\stm32l4xx_hal_spi.c 0x00000000   Number         0  stm32l4xx_hal_spi.o ABSOLUTE
    ..\Drivers\STM32L4xx_HAL_Driver\Src\stm32l4xx_hal_spi_ex.c 0x00000000   Number         0  stm32l4xx_hal_spi_ex.o ABSOLUTE
    ..\Drivers\STM32L4xx_HAL_Driver\Src\stm32l4xx_hal_tim.c 0x00000000   Number         0  stm32l4xx_hal_tim.o ABSOLUTE
    ..\Drivers\STM32L4xx_HAL_Driver\Src\stm32l4xx_hal_tim_ex.c 0x00000000   Number         0  stm32l4xx_hal_tim_ex.o ABSOLUTE
    ..\Drivers\STM32L4xx_HAL_Driver\Src\stm32l4xx_hal_uart.c 0x00000000   Number         0  stm32l4xx_hal_uart.o ABSOLUTE
    ..\Drivers\STM32L4xx_HAL_Driver\Src\stm32l4xx_hal_uart_ex.c 0x00000000   Number         0  stm32l4xx_hal_uart_ex.o ABSOLUTE
    ..\Drivers\STM32L4xx_HAL_Driver\Src\stm32l4xx_ll_usb.c 0x00000000   Number         0  stm32l4xx_ll_usb.o ABSOLUTE
    ..\Middlewares\ST\STM32_USB_Host_Library\Class\CDC\Src\usbh_cdc.c 0x00000000   Number         0  usbh_cdc.o ABSOLUTE
    ..\Middlewares\ST\STM32_USB_Host_Library\Core\Src\usbh_core.c 0x00000000   Number         0  usbh_core.o ABSOLUTE
    ..\Middlewares\ST\STM32_USB_Host_Library\Core\Src\usbh_ctlreq.c 0x00000000   Number         0  usbh_ctlreq.o ABSOLUTE
    ..\Middlewares\ST\STM32_USB_Host_Library\Core\Src\usbh_ioreq.c 0x00000000   Number         0  usbh_ioreq.o ABSOLUTE
    ..\Middlewares\ST\STM32_USB_Host_Library\Core\Src\usbh_pipes.c 0x00000000   Number         0  usbh_pipes.o ABSOLUTE
    ..\Src\main.c                            0x00000000   Number         0  main.o ABSOLUTE
    ..\Src\stm32l4xx_hal_msp.c               0x00000000   Number         0  stm32l4xx_hal_msp.o ABSOLUTE
    ..\Src\stm32l4xx_it.c                    0x00000000   Number         0  stm32l4xx_it.o ABSOLUTE
    ..\Src\system_stm32l4xx.c                0x00000000   Number         0  system_stm32l4xx.o ABSOLUTE
    ..\Src\usb_host.c                        0x00000000   Number         0  usb_host.o ABSOLUTE
    ..\Src\usbh_conf.c                       0x00000000   Number         0  usbh_conf.o ABSOLUTE
    ..\Src\usbh_platform.c                   0x00000000   Number         0  usbh_platform.o ABSOLUTE
    dc.s                                     0x00000000   Number         0  dc.o ABSOLUTE
    handlers.s                               0x00000000   Number         0  handlers.o ABSOLUTE
    init.s                                   0x00000000   Number         0  init.o ABSOLUTE
    startup_stm32l476xx.s                    0x00000000   Number         0  startup_stm32l476xx.o ABSOLUTE
    RESET                                    0x08000000   Section      392  startup_stm32l476xx.o(RESET)
    .ARM.Collect$$$$00000000                 0x08000188   Section        0  entry.o(.ARM.Collect$$$$00000000)
    .ARM.Collect$$$$00000001                 0x08000188   Section        4  entry2.o(.ARM.Collect$$$$00000001)
    .ARM.Collect$$$$00000004                 0x0800018c   Section        4  entry5.o(.ARM.Collect$$$$00000004)
    .ARM.Collect$$$$00000008                 0x08000190   Section        0  entry7b.o(.ARM.Collect$$$$00000008)
    .ARM.Collect$$$$0000000A                 0x08000190   Section        0  entry8b.o(.ARM.Collect$$$$0000000A)
    .ARM.Collect$$$$0000000B                 0x08000190   Section        8  entry9a.o(.ARM.Collect$$$$0000000B)
    .ARM.Collect$$$$0000000D                 0x08000198   Section        0  entry10a.o(.ARM.Collect$$$$0000000D)
    .ARM.Collect$$$$0000000F                 0x08000198   Section        0  entry11a.o(.ARM.Collect$$$$0000000F)
    .ARM.Collect$$$$00002712                 0x08000198   Section        4  entry2.o(.ARM.Collect$$$$00002712)
    __lit__00000000                          0x08000198   Data           4  entry2.o(.ARM.Collect$$$$00002712)
    .text                                    0x0800019c   Section       36  startup_stm32l476xx.o(.text)
    $v0                                      0x0800019c   Number         0  startup_stm32l476xx.o(.text)
    .text                                    0x080001c0   Section        0  uldiv.o(.text)
    .text                                    0x08000228   Section        0  memcpya.o(.text)
    .text                                    0x0800024c   Section        0  llshl.o(.text)
    .text                                    0x0800026a   Section        0  llushr.o(.text)
    .text                                    0x0800028c   Section       36  init.o(.text)
    i.CDC_ProcessReception                   0x080002b0   Section        0  usbh_cdc.o(i.CDC_ProcessReception)
    CDC_ProcessReception                     0x080002b1   Thumb Code   104  usbh_cdc.o(i.CDC_ProcessReception)
    i.CDC_ProcessTransmission                0x08000318   Section        0  usbh_cdc.o(i.CDC_ProcessTransmission)
    CDC_ProcessTransmission                  0x08000319   Thumb Code   114  usbh_cdc.o(i.CDC_ProcessTransmission)
    i.DeInitStateMachine                     0x0800038c   Section        0  usbh_core.o(i.DeInitStateMachine)
    DeInitStateMachine                       0x0800038d   Thumb Code    72  usbh_core.o(i.DeInitStateMachine)
    i.GetLineCoding                          0x080003d4   Section        0  usbh_cdc.o(i.GetLineCoding)
    GetLineCoding                            0x080003d5   Thumb Code    22  usbh_cdc.o(i.GetLineCoding)
    i.HAL_Delay                              0x080003ea   Section        0  stm32l4xx_hal.o(i.HAL_Delay)
    i.HAL_GPIO_Init                          0x08000408   Section        0  stm32l4xx_hal_gpio.o(i.HAL_GPIO_Init)
    i.HAL_GPIO_WritePin                      0x080005d2   Section        0  stm32l4xx_hal_gpio.o(i.HAL_GPIO_WritePin)
    i.HAL_GetTick                            0x080005dc   Section        0  stm32l4xx_hal.o(i.HAL_GetTick)
    i.HAL_HCD_Connect_Callback               0x080005e8   Section        0  usbh_conf.o(i.HAL_HCD_Connect_Callback)
    i.HAL_HCD_Disconnect_Callback            0x080005f0   Section        0  usbh_conf.o(i.HAL_HCD_Disconnect_Callback)
    i.HAL_HCD_GetCurrentFrame                0x080005f8   Section        0  stm32l4xx_hal_hcd.o(i.HAL_HCD_GetCurrentFrame)
    i.HAL_HCD_GetCurrentSpeed                0x080005fe   Section        0  stm32l4xx_hal_hcd.o(i.HAL_HCD_GetCurrentSpeed)
    i.HAL_HCD_HC_GetURBState                 0x08000604   Section        0  stm32l4xx_hal_hcd.o(i.HAL_HCD_HC_GetURBState)
    i.HAL_HCD_HC_GetXferCount                0x08000612   Section        0  stm32l4xx_hal_hcd.o(i.HAL_HCD_HC_GetXferCount)
    i.HAL_HCD_HC_Halt                        0x0800061e   Section        0  stm32l4xx_hal_hcd.o(i.HAL_HCD_HC_Halt)
    i.HAL_HCD_HC_Init                        0x08000642   Section        0  stm32l4xx_hal_hcd.o(i.HAL_HCD_HC_Init)
    i.HAL_HCD_HC_NotifyURBChange_Callback    0x08000696   Section        0  usbh_conf.o(i.HAL_HCD_HC_NotifyURBChange_Callback)
    i.HAL_HCD_HC_SubmitRequest               0x08000698   Section        0  stm32l4xx_hal_hcd.o(i.HAL_HCD_HC_SubmitRequest)
    i.HAL_HCD_IRQHandler                     0x08000750   Section        0  stm32l4xx_hal_hcd.o(i.HAL_HCD_IRQHandler)
    i.HAL_HCD_Init                           0x0800087e   Section        0  stm32l4xx_hal_hcd.o(i.HAL_HCD_Init)
    i.HAL_HCD_MspInit                        0x080008e8   Section        0  usbh_conf.o(i.HAL_HCD_MspInit)
    i.HAL_HCD_ResetPort                      0x08000968   Section        0  stm32l4xx_hal_hcd.o(i.HAL_HCD_ResetPort)
    i.HAL_HCD_SOF_Callback                   0x0800096e   Section        0  usbh_conf.o(i.HAL_HCD_SOF_Callback)
    i.HAL_HCD_Start                          0x08000976   Section        0  stm32l4xx_hal_hcd.o(i.HAL_HCD_Start)
    i.HAL_HCD_Stop                           0x080009a2   Section        0  stm32l4xx_hal_hcd.o(i.HAL_HCD_Stop)
    i.HAL_I2CEx_ConfigAnalogFilter           0x080009c6   Section        0  stm32l4xx_hal_i2c_ex.o(i.HAL_I2CEx_ConfigAnalogFilter)
    i.HAL_I2CEx_ConfigDigitalFilter          0x08000a1c   Section        0  stm32l4xx_hal_i2c_ex.o(i.HAL_I2CEx_ConfigDigitalFilter)
    i.HAL_I2C_Init                           0x08000a70   Section        0  stm32l4xx_hal_i2c.o(i.HAL_I2C_Init)
    i.HAL_I2C_MspInit                        0x08000b28   Section        0  stm32l4xx_hal_msp.o(i.HAL_I2C_MspInit)
    i.HAL_IncTick                            0x08000b94   Section        0  stm32l4xx_hal.o(i.HAL_IncTick)
    i.HAL_Init                               0x08000ba4   Section        0  stm32l4xx_hal.o(i.HAL_Init)
    i.HAL_InitTick                           0x08000bc8   Section        0  stm32l4xx_hal.o(i.HAL_InitTick)
    i.HAL_LCD_Init                           0x08000bf0   Section        0  stm32l4xx_hal_lcd.o(i.HAL_LCD_Init)
    i.HAL_LCD_MspInit                        0x08000cec   Section        0  stm32l4xx_hal_msp.o(i.HAL_LCD_MspInit)
    i.HAL_MspInit                            0x08000d84   Section        0  stm32l4xx_hal_msp.o(i.HAL_MspInit)
    i.HAL_NVIC_EnableIRQ                     0x08000e04   Section        0  stm32l4xx_hal_cortex.o(i.HAL_NVIC_EnableIRQ)
    i.HAL_NVIC_SetPriority                   0x08000e1c   Section        0  stm32l4xx_hal_cortex.o(i.HAL_NVIC_SetPriority)
    i.HAL_NVIC_SetPriorityGrouping           0x08000e5c   Section        0  stm32l4xx_hal_cortex.o(i.HAL_NVIC_SetPriorityGrouping)
    i.HAL_PWREx_ControlVoltageScaling        0x08000e80   Section        0  stm32l4xx_hal_pwr_ex.o(i.HAL_PWREx_ControlVoltageScaling)
    i.HAL_PWREx_EnableVddUSB                 0x08000ee4   Section        0  stm32l4xx_hal_pwr_ex.o(i.HAL_PWREx_EnableVddUSB)
    i.HAL_PWREx_GetVoltageRange              0x08000ef4   Section        0  stm32l4xx_hal_pwr_ex.o(i.HAL_PWREx_GetVoltageRange)
    i.HAL_QSPI_Init                          0x08000f04   Section        0  stm32l4xx_hal_qspi.o(i.HAL_QSPI_Init)
    i.HAL_QSPI_MspInit                       0x08000fb4   Section        0  stm32l4xx_hal_msp.o(i.HAL_QSPI_MspInit)
    i.HAL_RCCEx_EnableMSIPLLMode             0x08001000   Section        0  stm32l4xx_hal_rcc_ex.o(i.HAL_RCCEx_EnableMSIPLLMode)
    i.HAL_RCCEx_GetPeriphCLKFreq             0x08001010   Section        0  stm32l4xx_hal_rcc_ex.o(i.HAL_RCCEx_GetPeriphCLKFreq)
    i.HAL_RCCEx_PeriphCLKConfig              0x08001450   Section        0  stm32l4xx_hal_rcc_ex.o(i.HAL_RCCEx_PeriphCLKConfig)
    i.HAL_RCC_ClockConfig                    0x08001800   Section        0  stm32l4xx_hal_rcc.o(i.HAL_RCC_ClockConfig)
    i.HAL_RCC_GetHCLKFreq                    0x08001978   Section        0  stm32l4xx_hal_rcc.o(i.HAL_RCC_GetHCLKFreq)
    i.HAL_RCC_GetPCLK1Freq                   0x08001984   Section        0  stm32l4xx_hal_rcc.o(i.HAL_RCC_GetPCLK1Freq)
    i.HAL_RCC_GetPCLK2Freq                   0x080019a4   Section        0  stm32l4xx_hal_rcc.o(i.HAL_RCC_GetPCLK2Freq)
    i.HAL_RCC_GetSysClockFreq                0x080019c4   Section        0  stm32l4xx_hal_rcc.o(i.HAL_RCC_GetSysClockFreq)
    i.HAL_RCC_OscConfig                      0x08001a88   Section        0  stm32l4xx_hal_rcc.o(i.HAL_RCC_OscConfig)
    i.HAL_SAI_Init                           0x08001ef0   Section        0  stm32l4xx_hal_sai.o(i.HAL_SAI_Init)
    i.HAL_SAI_MspInit                        0x080020bc   Section        0  stm32l4xx_hal_msp.o(i.HAL_SAI_MspInit)
    i.HAL_SPI_Init                           0x0800217a   Section        0  stm32l4xx_hal_spi.o(i.HAL_SPI_Init)
    i.HAL_SPI_MspInit                        0x08002228   Section        0  stm32l4xx_hal_msp.o(i.HAL_SPI_MspInit)
    i.HAL_SYSTICK_CLKSourceConfig            0x08002274   Section        0  stm32l4xx_hal_cortex.o(i.HAL_SYSTICK_CLKSourceConfig)
    i.HAL_SYSTICK_Callback                   0x0800228c   Section        0  stm32l4xx_hal_cortex.o(i.HAL_SYSTICK_Callback)
    i.HAL_SYSTICK_Config                     0x0800228e   Section        0  stm32l4xx_hal_cortex.o(i.HAL_SYSTICK_Config)
    i.HAL_SYSTICK_IRQHandler                 0x080022b6   Section        0  stm32l4xx_hal_cortex.o(i.HAL_SYSTICK_IRQHandler)
    i.HAL_UART_Init                          0x080022be   Section        0  stm32l4xx_hal_uart.o(i.HAL_UART_Init)
    i.HAL_UART_MspInit                       0x08002328   Section        0  stm32l4xx_hal_msp.o(i.HAL_UART_MspInit)
    i.HCD_HC_IN_IRQHandler                   0x08002374   Section        0  stm32l4xx_hal_hcd.o(i.HCD_HC_IN_IRQHandler)
    HCD_HC_IN_IRQHandler                     0x08002375   Thumb Code   570  stm32l4xx_hal_hcd.o(i.HCD_HC_IN_IRQHandler)
    i.HCD_HC_OUT_IRQHandler                  0x080025b4   Section        0  stm32l4xx_hal_hcd.o(i.HCD_HC_OUT_IRQHandler)
    HCD_HC_OUT_IRQHandler                    0x080025b5   Thumb Code   556  stm32l4xx_hal_hcd.o(i.HCD_HC_OUT_IRQHandler)
    i.HCD_Port_IRQHandler                    0x080027e0   Section        0  stm32l4xx_hal_hcd.o(i.HCD_Port_IRQHandler)
    HCD_Port_IRQHandler                      0x080027e1   Thumb Code   176  stm32l4xx_hal_hcd.o(i.HCD_Port_IRQHandler)
    i.HCD_RXQLVL_IRQHandler                  0x08002890   Section        0  stm32l4xx_hal_hcd.o(i.HCD_RXQLVL_IRQHandler)
    HCD_RXQLVL_IRQHandler                    0x08002891   Thumb Code   108  stm32l4xx_hal_hcd.o(i.HCD_RXQLVL_IRQHandler)
    i.LCD_WaitForSynchro                     0x08002900   Section        0  stm32l4xx_hal_lcd.o(i.LCD_WaitForSynchro)
    i.MX_DriverVbusFS                        0x08002930   Section        0  usbh_platform.o(i.MX_DriverVbusFS)
    i.MX_GPIO_Init                           0x08002948   Section        0  main.o(i.MX_GPIO_Init)
    MX_GPIO_Init                             0x08002949   Thumb Code   426  main.o(i.MX_GPIO_Init)
    i.MX_I2C1_Init                           0x08002b14   Section        0  main.o(i.MX_I2C1_Init)
    MX_I2C1_Init                             0x08002b15   Thumb Code    66  main.o(i.MX_I2C1_Init)
    i.MX_I2C2_Init                           0x08002b64   Section        0  main.o(i.MX_I2C2_Init)
    MX_I2C2_Init                             0x08002b65   Thumb Code    66  main.o(i.MX_I2C2_Init)
    i.MX_LCD_Init                            0x08002bb4   Section        0  main.o(i.MX_LCD_Init)
    MX_LCD_Init                              0x08002bb5   Thumb Code    48  main.o(i.MX_LCD_Init)
    i.MX_SAI1_Init                           0x08002bec   Section        0  main.o(i.MX_SAI1_Init)
    MX_SAI1_Init                             0x08002bed   Thumb Code   140  main.o(i.MX_SAI1_Init)
    i.MX_SPI2_Init                           0x08002c84   Section        0  main.o(i.MX_SPI2_Init)
    MX_SPI2_Init                             0x08002c85   Thumb Code    64  main.o(i.MX_SPI2_Init)
    i.MX_USART2_UART_Init                    0x08002ccc   Section        0  main.o(i.MX_USART2_UART_Init)
    MX_USART2_UART_Init                      0x08002ccd   Thumb Code    48  main.o(i.MX_USART2_UART_Init)
    i.MX_USB_HOST_Init                       0x08002d04   Section        0  usb_host.o(i.MX_USB_HOST_Init)
    i.MX_USB_HOST_Process                    0x08002d30   Section        0  usb_host.o(i.MX_USB_HOST_Process)
    i.NVIC_SetPriority                       0x08002d3c   Section        0  stm32l4xx_hal_cortex.o(i.NVIC_SetPriority)
    NVIC_SetPriority                         0x08002d3d   Thumb Code    32  stm32l4xx_hal_cortex.o(i.NVIC_SetPriority)
    i.OTG_FS_IRQHandler                      0x08002d5c   Section        0  stm32l4xx_it.o(i.OTG_FS_IRQHandler)
    i.QSPI_WaitFlagStateUntilTimeout         0x08002d68   Section        0  stm32l4xx_hal_qspi.o(i.QSPI_WaitFlagStateUntilTimeout)
    QSPI_WaitFlagStateUntilTimeout           0x08002d69   Thumb Code    72  stm32l4xx_hal_qspi.o(i.QSPI_WaitFlagStateUntilTimeout)
    i.RCCEx_PLLSAI1_Config                   0x08002db0   Section        0  stm32l4xx_hal_rcc_ex.o(i.RCCEx_PLLSAI1_Config)
    RCCEx_PLLSAI1_Config                     0x08002db1   Thumb Code   278  stm32l4xx_hal_rcc_ex.o(i.RCCEx_PLLSAI1_Config)
    i.RCCEx_PLLSAI2_Config                   0x08002edc   Section        0  stm32l4xx_hal_rcc_ex.o(i.RCCEx_PLLSAI2_Config)
    RCCEx_PLLSAI2_Config                     0x08002edd   Thumb Code   250  stm32l4xx_hal_rcc_ex.o(i.RCCEx_PLLSAI2_Config)
    i.RCC_SetFlashLatencyFromMSIRange        0x08002fe4   Section        0  stm32l4xx_hal_rcc.o(i.RCC_SetFlashLatencyFromMSIRange)
    RCC_SetFlashLatencyFromMSIRange          0x08002fe5   Thumb Code   116  stm32l4xx_hal_rcc.o(i.RCC_SetFlashLatencyFromMSIRange)
    i.SAI_Disable                            0x08003060   Section        0  stm32l4xx_hal_sai.o(i.SAI_Disable)
    SAI_Disable                              0x08003061   Thumb Code    60  stm32l4xx_hal_sai.o(i.SAI_Disable)
    i.SysTick_Handler                        0x0800309c   Section        0  stm32l4xx_it.o(i.SysTick_Handler)
    i.SystemClock_Config                     0x080030ac   Section        0  main.o(i.SystemClock_Config)
    i.SystemInit                             0x08003178   Section        0  system_stm32l4xx.o(i.SystemInit)
    i.UART_AdvFeatureConfig                  0x080031bc   Section        0  stm32l4xx_hal_uart.o(i.UART_AdvFeatureConfig)
    i.UART_CheckIdleState                    0x08003284   Section        0  stm32l4xx_hal_uart.o(i.UART_CheckIdleState)
    i.UART_SetConfig                         0x080032e0   Section        0  stm32l4xx_hal_uart.o(i.UART_SetConfig)
    i.UART_WaitOnFlagUntilTimeout            0x08003580   Section        0  stm32l4xx_hal_uart.o(i.UART_WaitOnFlagUntilTimeout)
    i.USBH_AllocPipe                         0x080035e4   Section        0  usbh_pipes.o(i.USBH_AllocPipe)
    i.USBH_BulkReceiveData                   0x08003618   Section        0  usbh_ioreq.o(i.USBH_BulkReceiveData)
    i.USBH_BulkSendData                      0x08003638   Section        0  usbh_ioreq.o(i.USBH_BulkSendData)
    i.USBH_CDC_ClassRequest                  0x08003660   Section        0  usbh_cdc.o(i.USBH_CDC_ClassRequest)
    USBH_CDC_ClassRequest                    0x08003661   Thumb Code    36  usbh_cdc.o(i.USBH_CDC_ClassRequest)
    i.USBH_CDC_InterfaceDeInit               0x08003684   Section        0  usbh_cdc.o(i.USBH_CDC_InterfaceDeInit)
    USBH_CDC_InterfaceDeInit                 0x08003685   Thumb Code    94  usbh_cdc.o(i.USBH_CDC_InterfaceDeInit)
    i.USBH_CDC_InterfaceInit                 0x080036e2   Section        0  usbh_cdc.o(i.USBH_CDC_InterfaceInit)
    USBH_CDC_InterfaceInit                   0x080036e3   Thumb Code   308  usbh_cdc.o(i.USBH_CDC_InterfaceInit)
    i.USBH_CDC_LineCodingChanged             0x08003816   Section        0  usbh_cdc.o(i.USBH_CDC_LineCodingChanged)
    i.USBH_CDC_Process                       0x08003818   Section        0  usbh_cdc.o(i.USBH_CDC_Process)
    USBH_CDC_Process                         0x08003819   Thumb Code   184  usbh_cdc.o(i.USBH_CDC_Process)
    i.USBH_CDC_ReceiveCallback               0x080038d0   Section        0  usbh_cdc.o(i.USBH_CDC_ReceiveCallback)
    i.USBH_CDC_SOFProcess                    0x080038d2   Section        0  usbh_cdc.o(i.USBH_CDC_SOFProcess)
    USBH_CDC_SOFProcess                      0x080038d3   Thumb Code     4  usbh_cdc.o(i.USBH_CDC_SOFProcess)
    i.USBH_CDC_TransmitCallback              0x080038d6   Section        0  usbh_cdc.o(i.USBH_CDC_TransmitCallback)
    i.USBH_ClosePipe                         0x080038d8   Section        0  usbh_pipes.o(i.USBH_ClosePipe)
    i.USBH_ClrFeature                        0x080038e2   Section        0  usbh_ctlreq.o(i.USBH_ClrFeature)
    i.USBH_CtlReceiveData                    0x08003900   Section        0  usbh_ioreq.o(i.USBH_CtlReceiveData)
    i.USBH_CtlReq                            0x0800391e   Section        0  usbh_ctlreq.o(i.USBH_CtlReq)
    i.USBH_CtlSendData                       0x08003954   Section        0  usbh_ioreq.o(i.USBH_CtlSendData)
    i.USBH_CtlSendSetup                      0x0800397c   Section        0  usbh_ioreq.o(i.USBH_CtlSendSetup)
    i.USBH_Delay                             0x0800399a   Section        0  usbh_conf.o(i.USBH_Delay)
    i.USBH_FindInterface                     0x0800399e   Section        0  usbh_core.o(i.USBH_FindInterface)
    i.USBH_FreePipe                          0x080039e2   Section        0  usbh_pipes.o(i.USBH_FreePipe)
    i.USBH_GetDescriptor                     0x080039fa   Section        0  usbh_ctlreq.o(i.USBH_GetDescriptor)
    i.USBH_GetNextDesc                       0x08003a2e   Section        0  usbh_ctlreq.o(i.USBH_GetNextDesc)
    i.USBH_Get_CfgDesc                       0x08003a3c   Section        0  usbh_ctlreq.o(i.USBH_Get_CfgDesc)
    i.USBH_Get_DevDesc                       0x08003a68   Section        0  usbh_ctlreq.o(i.USBH_Get_DevDesc)
    i.USBH_Get_StringDesc                    0x08003b02   Section        0  usbh_ctlreq.o(i.USBH_Get_StringDesc)
    i.USBH_HandleControl                     0x08003b4a   Section        0  usbh_ctlreq.o(i.USBH_HandleControl)
    USBH_HandleControl                       0x08003b4b   Thumb Code   382  usbh_ctlreq.o(i.USBH_HandleControl)
    i.USBH_HandleEnum                        0x08003cce   Section        0  usbh_core.o(i.USBH_HandleEnum)
    USBH_HandleEnum                          0x08003ccf   Thumb Code   242  usbh_core.o(i.USBH_HandleEnum)
    i.USBH_Init                              0x08003dc0   Section        0  usbh_core.o(i.USBH_Init)
    i.USBH_LL_ClosePipe                      0x08003df0   Section        0  usbh_conf.o(i.USBH_LL_ClosePipe)
    i.USBH_LL_Connect                        0x08003e10   Section        0  usbh_core.o(i.USBH_LL_Connect)
    i.USBH_LL_Disconnect                     0x08003e38   Section        0  usbh_core.o(i.USBH_LL_Disconnect)
    i.USBH_LL_DriverVBUS                     0x08003e70   Section        0  usbh_conf.o(i.USBH_LL_DriverVBUS)
    i.USBH_LL_GetLastXferSize                0x08003e8a   Section        0  usbh_conf.o(i.USBH_LL_GetLastXferSize)
    i.USBH_LL_GetSpeed                       0x08003e92   Section        0  usbh_conf.o(i.USBH_LL_GetSpeed)
    i.USBH_LL_GetURBState                    0x08003eb4   Section        0  usbh_conf.o(i.USBH_LL_GetURBState)
    i.USBH_LL_IncTimer                       0x08003ebc   Section        0  usbh_core.o(i.USBH_LL_IncTimer)
    i.USBH_LL_Init                           0x08003edc   Section        0  usbh_conf.o(i.USBH_LL_Init)
    i.USBH_LL_OpenPipe                       0x08003f44   Section        0  usbh_conf.o(i.USBH_LL_OpenPipe)
    i.USBH_LL_ResetPort                      0x08003f6e   Section        0  usbh_conf.o(i.USBH_LL_ResetPort)
    i.USBH_LL_SetTimer                       0x08003f8e   Section        0  usbh_core.o(i.USBH_LL_SetTimer)
    i.USBH_LL_SetToggle                      0x08003f94   Section        0  usbh_conf.o(i.USBH_LL_SetToggle)
    i.USBH_LL_Start                          0x08003fb4   Section        0  usbh_conf.o(i.USBH_LL_Start)
    i.USBH_LL_Stop                           0x08003fd4   Section        0  usbh_conf.o(i.USBH_LL_Stop)
    i.USBH_LL_SubmitURB                      0x08003ff4   Section        0  usbh_conf.o(i.USBH_LL_SubmitURB)
    i.USBH_OpenPipe                          0x08004024   Section        0  usbh_pipes.o(i.USBH_OpenPipe)
    i.USBH_ParseCfgDesc                      0x08004038   Section        0  usbh_ctlreq.o(i.USBH_ParseCfgDesc)
    USBH_ParseCfgDesc                        0x08004039   Thumb Code   232  usbh_ctlreq.o(i.USBH_ParseCfgDesc)
    i.USBH_Process                           0x08004120   Section        0  usbh_core.o(i.USBH_Process)
    i.USBH_RegisterClass                     0x08004288   Section        0  usbh_core.o(i.USBH_RegisterClass)
    i.USBH_SelectInterface                   0x080042a4   Section        0  usbh_core.o(i.USBH_SelectInterface)
    i.USBH_SetAddress                        0x080042ba   Section        0  usbh_ctlreq.o(i.USBH_SetAddress)
    i.USBH_SetCfg                            0x080042d6   Section        0  usbh_ctlreq.o(i.USBH_SetCfg)
    i.USBH_Start                             0x080042f2   Section        0  usbh_core.o(i.USBH_Start)
    i.USBH_UserProcess                       0x08004308   Section        0  usb_host.o(i.USBH_UserProcess)
    USBH_UserProcess                         0x08004309   Thumb Code    28  usb_host.o(i.USBH_UserProcess)
    i.USB_CoreInit                           0x08004328   Section        0  stm32l4xx_ll_usb.o(i.USB_CoreInit)
    i.USB_CoreReset                          0x08004344   Section        0  stm32l4xx_ll_usb.o(i.USB_CoreReset)
    USB_CoreReset                            0x08004345   Thumb Code    70  stm32l4xx_ll_usb.o(i.USB_CoreReset)
    i.USB_DisableGlobalInt                   0x08004390   Section        0  stm32l4xx_ll_usb.o(i.USB_DisableGlobalInt)
    i.USB_DriveVbus                          0x0800439c   Section        0  stm32l4xx_ll_usb.o(i.USB_DriveVbus)
    i.USB_EnableGlobalInt                    0x080043c8   Section        0  stm32l4xx_ll_usb.o(i.USB_EnableGlobalInt)
    i.USB_FlushRxFifo                        0x080043d4   Section        0  stm32l4xx_ll_usb.o(i.USB_FlushRxFifo)
    i.USB_FlushTxFifo                        0x080043f4   Section        0  stm32l4xx_ll_usb.o(i.USB_FlushTxFifo)
    i.USB_GetCurrentFrame                    0x08004418   Section        0  stm32l4xx_ll_usb.o(i.USB_GetCurrentFrame)
    i.USB_GetHostSpeed                       0x08004420   Section        0  stm32l4xx_ll_usb.o(i.USB_GetHostSpeed)
    i.USB_GetMode                            0x0800442e   Section        0  stm32l4xx_ll_usb.o(i.USB_GetMode)
    i.USB_HC_Halt                            0x08004436   Section        0  stm32l4xx_ll_usb.o(i.USB_HC_Halt)
    i.USB_HC_Init                            0x080045b0   Section        0  stm32l4xx_ll_usb.o(i.USB_HC_Init)
    i.USB_HC_ReadInterrupt                   0x08004682   Section        0  stm32l4xx_ll_usb.o(i.USB_HC_ReadInterrupt)
    i.USB_HC_StartXfer                       0x08004690   Section        0  stm32l4xx_ll_usb.o(i.USB_HC_StartXfer)
    i.USB_HostInit                           0x080047e0   Section        0  stm32l4xx_ll_usb.o(i.USB_HostInit)
    i.USB_InitFSLSPClkSel                    0x08004884   Section        0  stm32l4xx_ll_usb.o(i.USB_InitFSLSPClkSel)
    i.USB_ReadInterrupts                     0x080048ba   Section        0  stm32l4xx_ll_usb.o(i.USB_ReadInterrupts)
    i.USB_ReadPacket                         0x080048c2   Section        0  stm32l4xx_ll_usb.o(i.USB_ReadPacket)
    i.USB_ResetPort                          0x080048e2   Section        0  stm32l4xx_ll_usb.o(i.USB_ResetPort)
    i.USB_SetCurrentMode                     0x0800490e   Section        0  stm32l4xx_ll_usb.o(i.USB_SetCurrentMode)
    i.USB_StopHost                           0x0800493a   Section        0  stm32l4xx_ll_usb.o(i.USB_StopHost)
    i.USB_WritePacket                        0x080049f8   Section        0  stm32l4xx_ll_usb.o(i.USB_WritePacket)
    i._Error_Handler                         0x08004a1c   Section        0  main.o(i._Error_Handler)
    i.__scatterload_copy                     0x08004a1e   Section       14  handlers.o(i.__scatterload_copy)
    i.__scatterload_null                     0x08004a2c   Section        2  handlers.o(i.__scatterload_null)
    i.__scatterload_zeroinit                 0x08004a2e   Section       14  handlers.o(i.__scatterload_zeroinit)
    i.free                                   0x08004a3c   Section        0  malloc.o(i.free)
    i.main                                   0x08004a8c   Section        0  main.o(i.main)
    i.malloc                                 0x08004ae4   Section        0  malloc.o(i.malloc)
    .constdata                               0x08004b50   Section       64  system_stm32l4xx.o(.constdata)
    .constdata                               0x08004b90   Section        8  system_stm32l4xx.o(.constdata)
    .conststring                             0x08004b98   Section        4  usbh_cdc.o(.conststring)
    .data                                    0x20000000   Section        4  stm32l4xx_hal.o(.data)
    .data                                    0x20000004   Section        4  system_stm32l4xx.o(.data)
    .data                                    0x20000008   Section        4  stm32l4xx_hal_msp.o(.data)
    SAI1_client                              0x20000008   Data           4  stm32l4xx_hal_msp.o(.data)
    .data                                    0x2000000c   Section        1  usb_host.o(.data)
    .data                                    0x20000010   Section       32  usbh_cdc.o(.data)
    .data                                    0x20000030   Section        4  mvars.o(.data)
    .data                                    0x20000034   Section        4  mvars.o(.data)
    .bss                                     0x20000038   Section      664  usbh_conf.o(.bss)
    .bss                                     0x200002d0   Section      764  main.o(.bss)
    .bss                                     0x200005cc   Section      968  usb_host.o(.bss)
    HEAP                                     0x20000998   Section      512  startup_stm32l476xx.o(HEAP)
    STACK                                    0x20000b98   Section     1024  startup_stm32l476xx.o(STACK)

    Global Symbols

    Symbol Name                              Value     Ov Type        Size  Object(Section)

    BuildAttributes$$THM_ISAv4$E$P$D$K$B$S$7EM$VFPi3$EXTD16$VFPS$VFMA$PE$A:L22UL41UL21$X:L11$S22US41US21$IEEE1$IW$USESV6$~STKCKD$USESV7$~SHL$OSPACE$EBA8$MICROLIB$REQ8$PRES8$EABIv2 0x00000000   Number         0  anon$$obj.o ABSOLUTE
    __ARM_use_no_argv                        0x00000000   Number         0  main.o ABSOLUTE
    __cpp_initialize__aeabi_                  - Undefined Weak Reference
    __cxa_finalize                            - Undefined Weak Reference
    __decompress                              - Undefined Weak Reference
    _clock_init                               - Undefined Weak Reference
    _microlib_exit                            - Undefined Weak Reference
    __Vectors_Size                           0x00000188   Number         0  startup_stm32l476xx.o ABSOLUTE
    __Vectors                                0x08000000   Data           4  startup_stm32l476xx.o(RESET)
    __Vectors_End                            0x08000188   Data           0  startup_stm32l476xx.o(RESET)
    __main                                   0x08000189   Thumb Code     0  entry.o(.ARM.Collect$$$$00000000)
    _main_stk                                0x08000189   Thumb Code     0  entry2.o(.ARM.Collect$$$$00000001)
    _main_scatterload                        0x0800018d   Thumb Code     0  entry5.o(.ARM.Collect$$$$00000004)
    __main_after_scatterload                 0x08000191   Thumb Code     0  entry5.o(.ARM.Collect$$$$00000004)
    _main_clock                              0x08000191   Thumb Code     0  entry7b.o(.ARM.Collect$$$$00000008)
    _main_cpp_init                           0x08000191   Thumb Code     0  entry8b.o(.ARM.Collect$$$$0000000A)
    _main_init                               0x08000191   Thumb Code     0  entry9a.o(.ARM.Collect$$$$0000000B)
    __rt_final_cpp                           0x08000199   Thumb Code     0  entry10a.o(.ARM.Collect$$$$0000000D)
    __rt_final_exit                          0x08000199   Thumb Code     0  entry11a.o(.ARM.Collect$$$$0000000F)
    Reset_Handler                            0x0800019d   Thumb Code     8  startup_stm32l476xx.o(.text)
    NMI_Handler                              0x080001a5   Thumb Code     2  startup_stm32l476xx.o(.text)
    HardFault_Handler                        0x080001a7   Thumb Code     2  startup_stm32l476xx.o(.text)
    MemManage_Handler                        0x080001a9   Thumb Code     2  startup_stm32l476xx.o(.text)
    BusFault_Handler                         0x080001ab   Thumb Code     2  startup_stm32l476xx.o(.text)
    UsageFault_Handler                       0x080001ad   Thumb Code     2  startup_stm32l476xx.o(.text)
    SVC_Handler                              0x080001af   Thumb Code     2  startup_stm32l476xx.o(.text)
    DebugMon_Handler                         0x080001b1   Thumb Code     2  startup_stm32l476xx.o(.text)
    PendSV_Handler                           0x080001b3   Thumb Code     2  startup_stm32l476xx.o(.text)
    ADC1_2_IRQHandler                        0x080001b7   Thumb Code     0  startup_stm32l476xx.o(.text)
    ADC3_IRQHandler                          0x080001b7   Thumb Code     0  startup_stm32l476xx.o(.text)
    CAN1_RX0_IRQHandler                      0x080001b7   Thumb Code     0  startup_stm32l476xx.o(.text)
    CAN1_RX1_IRQHandler                      0x080001b7   Thumb Code     0  startup_stm32l476xx.o(.text)
    CAN1_SCE_IRQHandler                      0x080001b7   Thumb Code     0  startup_stm32l476xx.o(.text)
    CAN1_TX_IRQHandler                       0x080001b7   Thumb Code     0  startup_stm32l476xx.o(.text)
    COMP_IRQHandler                          0x080001b7   Thumb Code     0  startup_stm32l476xx.o(.text)
    DFSDM1_FLT0_IRQHandler                   0x080001b7   Thumb Code     0  startup_stm32l476xx.o(.text)
    DFSDM1_FLT1_IRQHandler                   0x080001b7   Thumb Code     0  startup_stm32l476xx.o(.text)
    DFSDM1_FLT2_IRQHandler                   0x080001b7   Thumb Code     0  startup_stm32l476xx.o(.text)
    DFSDM1_FLT3_IRQHandler                   0x080001b7   Thumb Code     0  startup_stm32l476xx.o(.text)
    DMA1_Channel1_IRQHandler                 0x080001b7   Thumb Code     0  startup_stm32l476xx.o(.text)
    DMA1_Channel2_IRQHandler                 0x080001b7   Thumb Code     0  startup_stm32l476xx.o(.text)
    DMA1_Channel3_IRQHandler                 0x080001b7   Thumb Code     0  startup_stm32l476xx.o(.text)
    DMA1_Channel4_IRQHandler                 0x080001b7   Thumb Code     0  startup_stm32l476xx.o(.text)
    DMA1_Channel5_IRQHandler                 0x080001b7   Thumb Code     0  startup_stm32l476xx.o(.text)
    DMA1_Channel6_IRQHandler                 0x080001b7   Thumb Code     0  startup_stm32l476xx.o(.text)
    DMA1_Channel7_IRQHandler                 0x080001b7   Thumb Code     0  startup_stm32l476xx.o(.text)
    DMA2_Channel1_IRQHandler                 0x080001b7   Thumb Code     0  startup_stm32l476xx.o(.text)
    DMA2_Channel2_IRQHandler                 0x080001b7   Thumb Code     0  startup_stm32l476xx.o(.text)
    DMA2_Channel3_IRQHandler                 0x080001b7   Thumb Code     0  startup_stm32l476xx.o(.text)
    DMA2_Channel4_IRQHandler                 0x080001b7   Thumb Code     0  startup_stm32l476xx.o(.text)
    DMA2_Channel5_IRQHandler                 0x080001b7   Thumb Code     0  startup_stm32l476xx.o(.text)
    DMA2_Channel6_IRQHandler                 0x080001b7   Thumb Code     0  startup_stm32l476xx.o(.text)
    DMA2_Channel7_IRQHandler                 0x080001b7   Thumb Code     0  startup_stm32l476xx.o(.text)
    EXTI0_IRQHandler                         0x080001b7   Thumb Code     0  startup_stm32l476xx.o(.text)
    EXTI15_10_IRQHandler                     0x080001b7   Thumb Code     0  startup_stm32l476xx.o(.text)
    EXTI1_IRQHandler                         0x080001b7   Thumb Code     0  startup_stm32l476xx.o(.text)
    EXTI2_IRQHandler                         0x080001b7   Thumb Code     0  startup_stm32l476xx.o(.text)
    EXTI3_IRQHandler                         0x080001b7   Thumb Code     0  startup_stm32l476xx.o(.text)
    EXTI4_IRQHandler                         0x080001b7   Thumb Code     0  startup_stm32l476xx.o(.text)
    EXTI9_5_IRQHandler                       0x080001b7   Thumb Code     0  startup_stm32l476xx.o(.text)
    FLASH_IRQHandler                         0x080001b7   Thumb Code     0  startup_stm32l476xx.o(.text)
    FMC_IRQHandler                           0x080001b7   Thumb Code     0  startup_stm32l476xx.o(.text)
    FPU_IRQHandler                           0x080001b7   Thumb Code     0  startup_stm32l476xx.o(.text)
    I2C1_ER_IRQHandler                       0x080001b7   Thumb Code     0  startup_stm32l476xx.o(.text)
    I2C1_EV_IRQHandler                       0x080001b7   Thumb Code     0  startup_stm32l476xx.o(.text)
    I2C2_ER_IRQHandler                       0x080001b7   Thumb Code     0  startup_stm32l476xx.o(.text)
    I2C2_EV_IRQHandler                       0x080001b7   Thumb Code     0  startup_stm32l476xx.o(.text)
    I2C3_ER_IRQHandler                       0x080001b7   Thumb Code     0  startup_stm32l476xx.o(.text)
    I2C3_EV_IRQHandler                       0x080001b7   Thumb Code     0  startup_stm32l476xx.o(.text)
    LCD_IRQHandler                           0x080001b7   Thumb Code     0  startup_stm32l476xx.o(.text)
    LPTIM1_IRQHandler                        0x080001b7   Thumb Code     0  startup_stm32l476xx.o(.text)
    LPTIM2_IRQHandler                        0x080001b7   Thumb Code     0  startup_stm32l476xx.o(.text)
    LPUART1_IRQHandler                       0x080001b7   Thumb Code     0  startup_stm32l476xx.o(.text)
    PVD_PVM_IRQHandler                       0x080001b7   Thumb Code     0  startup_stm32l476xx.o(.text)
    QUADSPI_IRQHandler                       0x080001b7   Thumb Code     0  startup_stm32l476xx.o(.text)
    RCC_IRQHandler                           0x080001b7   Thumb Code     0  startup_stm32l476xx.o(.text)
    RNG_IRQHandler                           0x080001b7   Thumb Code     0  startup_stm32l476xx.o(.text)
    RTC_Alarm_IRQHandler                     0x080001b7   Thumb Code     0  startup_stm32l476xx.o(.text)
    RTC_WKUP_IRQHandler                      0x080001b7   Thumb Code     0  startup_stm32l476xx.o(.text)
    SAI1_IRQHandler                          0x080001b7   Thumb Code     0  startup_stm32l476xx.o(.text)
    SAI2_IRQHandler                          0x080001b7   Thumb Code     0  startup_stm32l476xx.o(.text)
    SDMMC1_IRQHandler                        0x080001b7   Thumb Code     0  startup_stm32l476xx.o(.text)
    SPI1_IRQHandler                          0x080001b7   Thumb Code     0  startup_stm32l476xx.o(.text)
    SPI2_IRQHandler                          0x080001b7   Thumb Code     0  startup_stm32l476xx.o(.text)
    SPI3_IRQHandler                          0x080001b7   Thumb Code     0  startup_stm32l476xx.o(.text)
    SWPMI1_IRQHandler                        0x080001b7   Thumb Code     0  startup_stm32l476xx.o(.text)
    TAMP_STAMP_IRQHandler                    0x080001b7   Thumb Code     0  startup_stm32l476xx.o(.text)
    TIM1_BRK_TIM15_IRQHandler                0x080001b7   Thumb Code     0  startup_stm32l476xx.o(.text)
    TIM1_CC_IRQHandler                       0x080001b7   Thumb Code     0  startup_stm32l476xx.o(.text)
    TIM1_TRG_COM_TIM17_IRQHandler            0x080001b7   Thumb Code     0  startup_stm32l476xx.o(.text)
    TIM1_UP_TIM16_IRQHandler                 0x080001b7   Thumb Code     0  startup_stm32l476xx.o(.text)
    TIM2_IRQHandler                          0x080001b7   Thumb Code     0  startup_stm32l476xx.o(.text)
    TIM3_IRQHandler                          0x080001b7   Thumb Code     0  startup_stm32l476xx.o(.text)
    TIM4_IRQHandler                          0x080001b7   Thumb Code     0  startup_stm32l476xx.o(.text)
    TIM5_IRQHandler                          0x080001b7   Thumb Code     0  startup_stm32l476xx.o(.text)
    TIM6_DAC_IRQHandler                      0x080001b7   Thumb Code     0  startup_stm32l476xx.o(.text)
    TIM7_IRQHandler                          0x080001b7   Thumb Code     0  startup_stm32l476xx.o(.text)
    TIM8_BRK_IRQHandler                      0x080001b7   Thumb Code     0  startup_stm32l476xx.o(.text)
    TIM8_CC_IRQHandler                       0x080001b7   Thumb Code     0  startup_stm32l476xx.o(.text)
    TIM8_TRG_COM_IRQHandler                  0x080001b7   Thumb Code     0  startup_stm32l476xx.o(.text)
    TIM8_UP_IRQHandler                       0x080001b7   Thumb Code     0  startup_stm32l476xx.o(.text)
    TSC_IRQHandler                           0x080001b7   Thumb Code     0  startup_stm32l476xx.o(.text)
    UART4_IRQHandler                         0x080001b7   Thumb Code     0  startup_stm32l476xx.o(.text)
    UART5_IRQHandler                         0x080001b7   Thumb Code     0  startup_stm32l476xx.o(.text)
    USART1_IRQHandler                        0x080001b7   Thumb Code     0  startup_stm32l476xx.o(.text)
    USART2_IRQHandler                        0x080001b7   Thumb Code     0  startup_stm32l476xx.o(.text)
    USART3_IRQHandler                        0x080001b7   Thumb Code     0  startup_stm32l476xx.o(.text)
    WWDG_IRQHandler                          0x080001b7   Thumb Code     0  startup_stm32l476xx.o(.text)
    __aeabi_uldivmod                         0x080001c1   Thumb Code    98  uldiv.o(.text)
    __aeabi_memcpy                           0x08000229   Thumb Code    36  memcpya.o(.text)
    __aeabi_memcpy4                          0x08000229   Thumb Code     0  memcpya.o(.text)
    __aeabi_memcpy8                          0x08000229   Thumb Code     0  memcpya.o(.text)
    __aeabi_llsl                             0x0800024d   Thumb Code    30  llshl.o(.text)
    _ll_shift_l                              0x0800024d   Thumb Code     0  llshl.o(.text)
    __aeabi_llsr                             0x0800026b   Thumb Code    32  llushr.o(.text)
    _ll_ushift_r                             0x0800026b   Thumb Code     0  llushr.o(.text)
    __scatterload                            0x0800028d   Thumb Code    28  init.o(.text)
    __scatterload_rt2                        0x0800028d   Thumb Code     0  init.o(.text)
    HAL_Delay                                0x080003eb   Thumb Code    28  stm32l4xx_hal.o(i.HAL_Delay)
    HAL_GPIO_Init                            0x08000409   Thumb Code   414  stm32l4xx_hal_gpio.o(i.HAL_GPIO_Init)
    HAL_GPIO_WritePin                        0x080005d3   Thumb Code    10  stm32l4xx_hal_gpio.o(i.HAL_GPIO_WritePin)
    HAL_GetTick                              0x080005dd   Thumb Code     6  stm32l4xx_hal.o(i.HAL_GetTick)
    HAL_HCD_Connect_Callback                 0x080005e9   Thumb Code     8  usbh_conf.o(i.HAL_HCD_Connect_Callback)
    HAL_HCD_Disconnect_Callback              0x080005f1   Thumb Code     8  usbh_conf.o(i.HAL_HCD_Disconnect_Callback)
    HAL_HCD_GetCurrentFrame                  0x080005f9   Thumb Code     6  stm32l4xx_hal_hcd.o(i.HAL_HCD_GetCurrentFrame)
    HAL_HCD_GetCurrentSpeed                  0x080005ff   Thumb Code     6  stm32l4xx_hal_hcd.o(i.HAL_HCD_GetCurrentSpeed)
    HAL_HCD_HC_GetURBState                   0x08000605   Thumb Code    14  stm32l4xx_hal_hcd.o(i.HAL_HCD_HC_GetURBState)
    HAL_HCD_HC_GetXferCount                  0x08000613   Thumb Code    12  stm32l4xx_hal_hcd.o(i.HAL_HCD_HC_GetXferCount)
    HAL_HCD_HC_Halt                          0x0800061f   Thumb Code    36  stm32l4xx_hal_hcd.o(i.HAL_HCD_HC_Halt)
    HAL_HCD_HC_Init                          0x08000643   Thumb Code    84  stm32l4xx_hal_hcd.o(i.HAL_HCD_HC_Init)
    HAL_HCD_HC_NotifyURBChange_Callback      0x08000697   Thumb Code     2  usbh_conf.o(i.HAL_HCD_HC_NotifyURBChange_Callback)
    HAL_HCD_HC_SubmitRequest                 0x08000699   Thumb Code   182  stm32l4xx_hal_hcd.o(i.HAL_HCD_HC_SubmitRequest)
    HAL_HCD_IRQHandler                       0x08000751   Thumb Code   302  stm32l4xx_hal_hcd.o(i.HAL_HCD_IRQHandler)
    HAL_HCD_Init                             0x0800087f   Thumb Code   104  stm32l4xx_hal_hcd.o(i.HAL_HCD_Init)
    HAL_HCD_MspInit                          0x080008e9   Thumb Code   122  usbh_conf.o(i.HAL_HCD_MspInit)
    HAL_HCD_ResetPort                        0x08000969   Thumb Code     6  stm32l4xx_hal_hcd.o(i.HAL_HCD_ResetPort)
    HAL_HCD_SOF_Callback                     0x0800096f   Thumb Code     8  usbh_conf.o(i.HAL_HCD_SOF_Callback)
    HAL_HCD_Start                            0x08000977   Thumb Code    44  stm32l4xx_hal_hcd.o(i.HAL_HCD_Start)
    HAL_HCD_Stop                             0x080009a3   Thumb Code    36  stm32l4xx_hal_hcd.o(i.HAL_HCD_Stop)
    HAL_I2CEx_ConfigAnalogFilter             0x080009c7   Thumb Code    86  stm32l4xx_hal_i2c_ex.o(i.HAL_I2CEx_ConfigAnalogFilter)
    HAL_I2CEx_ConfigDigitalFilter            0x08000a1d   Thumb Code    82  stm32l4xx_hal_i2c_ex.o(i.HAL_I2CEx_ConfigDigitalFilter)
    HAL_I2C_Init                             0x08000a71   Thumb Code   178  stm32l4xx_hal_i2c.o(i.HAL_I2C_Init)
    HAL_I2C_MspInit                          0x08000b29   Thumb Code    92  stm32l4xx_hal_msp.o(i.HAL_I2C_MspInit)
    HAL_IncTick                              0x08000b95   Thumb Code    10  stm32l4xx_hal.o(i.HAL_IncTick)
    HAL_Init                                 0x08000ba5   Thumb Code    32  stm32l4xx_hal.o(i.HAL_Init)
    HAL_InitTick                             0x08000bc9   Thumb Code    34  stm32l4xx_hal.o(i.HAL_InitTick)
    HAL_LCD_Init                             0x08000bf1   Thumb Code   248  stm32l4xx_hal_lcd.o(i.HAL_LCD_Init)
    HAL_LCD_MspInit                          0x08000ced   Thumb Code   130  stm32l4xx_hal_msp.o(i.HAL_LCD_MspInit)
    HAL_MspInit                              0x08000d85   Thumb Code   122  stm32l4xx_hal_msp.o(i.HAL_MspInit)
    HAL_NVIC_EnableIRQ                       0x08000e05   Thumb Code    22  stm32l4xx_hal_cortex.o(i.HAL_NVIC_EnableIRQ)
    HAL_NVIC_SetPriority                     0x08000e1d   Thumb Code    60  stm32l4xx_hal_cortex.o(i.HAL_NVIC_SetPriority)
    HAL_NVIC_SetPriorityGrouping             0x08000e5d   Thumb Code    26  stm32l4xx_hal_cortex.o(i.HAL_NVIC_SetPriorityGrouping)
    HAL_PWREx_ControlVoltageScaling          0x08000e81   Thumb Code    86  stm32l4xx_hal_pwr_ex.o(i.HAL_PWREx_ControlVoltageScaling)
    HAL_PWREx_EnableVddUSB                   0x08000ee5   Thumb Code    12  stm32l4xx_hal_pwr_ex.o(i.HAL_PWREx_EnableVddUSB)
    HAL_PWREx_GetVoltageRange                0x08000ef5   Thumb Code    10  stm32l4xx_hal_pwr_ex.o(i.HAL_PWREx_GetVoltageRange)
    HAL_QSPI_Init                            0x08000f05   Thumb Code   166  stm32l4xx_hal_qspi.o(i.HAL_QSPI_Init)
    HAL_QSPI_MspInit                         0x08000fb5   Thumb Code    64  stm32l4xx_hal_msp.o(i.HAL_QSPI_MspInit)
    HAL_RCCEx_EnableMSIPLLMode               0x08001001   Thumb Code    12  stm32l4xx_hal_rcc_ex.o(i.HAL_RCCEx_EnableMSIPLLMode)
    HAL_RCCEx_GetPeriphCLKFreq               0x08001011   Thumb Code  1052  stm32l4xx_hal_rcc_ex.o(i.HAL_RCCEx_GetPeriphCLKFreq)
    HAL_RCCEx_PeriphCLKConfig                0x08001451   Thumb Code   928  stm32l4xx_hal_rcc_ex.o(i.HAL_RCCEx_PeriphCLKConfig)
    HAL_RCC_ClockConfig                      0x08001801   Thumb Code   358  stm32l4xx_hal_rcc.o(i.HAL_RCC_ClockConfig)
    HAL_RCC_GetHCLKFreq                      0x08001979   Thumb Code     6  stm32l4xx_hal_rcc.o(i.HAL_RCC_GetHCLKFreq)
    HAL_RCC_GetPCLK1Freq                     0x08001985   Thumb Code    20  stm32l4xx_hal_rcc.o(i.HAL_RCC_GetPCLK1Freq)
    HAL_RCC_GetPCLK2Freq                     0x080019a5   Thumb Code    20  stm32l4xx_hal_rcc.o(i.HAL_RCC_GetPCLK2Freq)
    HAL_RCC_GetSysClockFreq                  0x080019c5   Thumb Code   182  stm32l4xx_hal_rcc.o(i.HAL_RCC_GetSysClockFreq)
    HAL_RCC_OscConfig                        0x08001a89   Thumb Code  1128  stm32l4xx_hal_rcc.o(i.HAL_RCC_OscConfig)
    HAL_SAI_Init                             0x08001ef1   Thumb Code   444  stm32l4xx_hal_sai.o(i.HAL_SAI_Init)
    HAL_SAI_MspInit                          0x080020bd   Thumb Code   168  stm32l4xx_hal_msp.o(i.HAL_SAI_MspInit)
    HAL_SPI_Init                             0x0800217b   Thumb Code   172  stm32l4xx_hal_spi.o(i.HAL_SPI_Init)
    HAL_SPI_MspInit                          0x08002229   Thumb Code    62  stm32l4xx_hal_msp.o(i.HAL_SPI_MspInit)
    HAL_SYSTICK_CLKSourceConfig              0x08002275   Thumb Code    24  stm32l4xx_hal_cortex.o(i.HAL_SYSTICK_CLKSourceConfig)
    HAL_SYSTICK_Callback                     0x0800228d   Thumb Code     2  stm32l4xx_hal_cortex.o(i.HAL_SYSTICK_Callback)
    HAL_SYSTICK_Config                       0x0800228f   Thumb Code    40  stm32l4xx_hal_cortex.o(i.HAL_SYSTICK_Config)
    HAL_SYSTICK_IRQHandler                   0x080022b7   Thumb Code     8  stm32l4xx_hal_cortex.o(i.HAL_SYSTICK_IRQHandler)
    HAL_UART_Init                            0x080022bf   Thumb Code   106  stm32l4xx_hal_uart.o(i.HAL_UART_Init)
    HAL_UART_MspInit                         0x08002329   Thumb Code    62  stm32l4xx_hal_msp.o(i.HAL_UART_MspInit)
    LCD_WaitForSynchro                       0x08002901   Thumb Code    48  stm32l4xx_hal_lcd.o(i.LCD_WaitForSynchro)
    MX_DriverVbusFS                          0x08002931   Thumb Code    18  usbh_platform.o(i.MX_DriverVbusFS)
    MX_USB_HOST_Init                         0x08002d05   Thumb Code    30  usb_host.o(i.MX_USB_HOST_Init)
    MX_USB_HOST_Process                      0x08002d31   Thumb Code     6  usb_host.o(i.MX_USB_HOST_Process)
    OTG_FS_IRQHandler                        0x08002d5d   Thumb Code     6  stm32l4xx_it.o(i.OTG_FS_IRQHandler)
    SysTick_Handler                          0x0800309d   Thumb Code    14  stm32l4xx_it.o(i.SysTick_Handler)
    SystemClock_Config                       0x080030ad   Thumb Code   194  main.o(i.SystemClock_Config)
    SystemInit                               0x08003179   Thumb Code    56  system_stm32l4xx.o(i.SystemInit)
    UART_AdvFeatureConfig                    0x080031bd   Thumb Code   200  stm32l4xx_hal_uart.o(i.UART_AdvFeatureConfig)
    UART_CheckIdleState                      0x08003285   Thumb Code    92  stm32l4xx_hal_uart.o(i.UART_CheckIdleState)
    UART_SetConfig                           0x080032e1   Thumb Code   622  stm32l4xx_hal_uart.o(i.UART_SetConfig)
    UART_WaitOnFlagUntilTimeout              0x08003581   Thumb Code   100  stm32l4xx_hal_uart.o(i.UART_WaitOnFlagUntilTimeout)
    USBH_AllocPipe                           0x080035e5   Thumb Code    52  usbh_pipes.o(i.USBH_AllocPipe)
    USBH_BulkReceiveData                     0x08003619   Thumb Code    32  usbh_ioreq.o(i.USBH_BulkReceiveData)
    USBH_BulkSendData                        0x08003639   Thumb Code    40  usbh_ioreq.o(i.USBH_BulkSendData)
    USBH_CDC_LineCodingChanged               0x08003817   Thumb Code     2  usbh_cdc.o(i.USBH_CDC_LineCodingChanged)
    USBH_CDC_ReceiveCallback                 0x080038d1   Thumb Code     2  usbh_cdc.o(i.USBH_CDC_ReceiveCallback)
    USBH_CDC_TransmitCallback                0x080038d7   Thumb Code     2  usbh_cdc.o(i.USBH_CDC_TransmitCallback)
    USBH_ClosePipe                           0x080038d9   Thumb Code    10  usbh_pipes.o(i.USBH_ClosePipe)
    USBH_ClrFeature                          0x080038e3   Thumb Code    30  usbh_ctlreq.o(i.USBH_ClrFeature)
    USBH_CtlReceiveData                      0x08003901   Thumb Code    30  usbh_ioreq.o(i.USBH_CtlReceiveData)
    USBH_CtlReq                              0x0800391f   Thumb Code    54  usbh_ctlreq.o(i.USBH_CtlReq)
    USBH_CtlSendData                         0x08003955   Thumb Code    40  usbh_ioreq.o(i.USBH_CtlSendData)
    USBH_CtlSendSetup                        0x0800397d   Thumb Code    30  usbh_ioreq.o(i.USBH_CtlSendSetup)
    USBH_Delay                               0x0800399b   Thumb Code     4  usbh_conf.o(i.USBH_Delay)
    USBH_FindInterface                       0x0800399f   Thumb Code    68  usbh_core.o(i.USBH_FindInterface)
    USBH_FreePipe                            0x080039e3   Thumb Code    24  usbh_pipes.o(i.USBH_FreePipe)
    USBH_GetDescriptor                       0x080039fb   Thumb Code    52  usbh_ctlreq.o(i.USBH_GetDescriptor)
    USBH_GetNextDesc                         0x08003a2f   Thumb Code    14  usbh_ctlreq.o(i.USBH_GetNextDesc)
    USBH_Get_CfgDesc                         0x08003a3d   Thumb Code    44  usbh_ctlreq.o(i.USBH_Get_CfgDesc)
    USBH_Get_DevDesc                         0x08003a69   Thumb Code   154  usbh_ctlreq.o(i.USBH_Get_DevDesc)
    USBH_Get_StringDesc                      0x08003b03   Thumb Code    72  usbh_ctlreq.o(i.USBH_Get_StringDesc)
    USBH_Init                                0x08003dc1   Thumb Code    48  usbh_core.o(i.USBH_Init)
    USBH_LL_ClosePipe                        0x08003df1   Thumb Code    32  usbh_conf.o(i.USBH_LL_ClosePipe)
    USBH_LL_Connect                          0x08003e11   Thumb Code    40  usbh_core.o(i.USBH_LL_Connect)
    USBH_LL_Disconnect                       0x08003e39   Thumb Code    56  usbh_core.o(i.USBH_LL_Disconnect)
    USBH_LL_DriverVBUS                       0x08003e71   Thumb Code    26  usbh_conf.o(i.USBH_LL_DriverVBUS)
    USBH_LL_GetLastXferSize                  0x08003e8b   Thumb Code     8  usbh_conf.o(i.USBH_LL_GetLastXferSize)
    USBH_LL_GetSpeed                         0x08003e93   Thumb Code    34  usbh_conf.o(i.USBH_LL_GetSpeed)
    USBH_LL_GetURBState                      0x08003eb5   Thumb Code     8  usbh_conf.o(i.USBH_LL_GetURBState)
    USBH_LL_IncTimer                         0x08003ebd   Thumb Code    30  usbh_core.o(i.USBH_LL_IncTimer)
    USBH_LL_Init                             0x08003edd   Thumb Code    78  usbh_conf.o(i.USBH_LL_Init)
    USBH_LL_OpenPipe                         0x08003f45   Thumb Code    42  usbh_conf.o(i.USBH_LL_OpenPipe)
    USBH_LL_ResetPort                        0x08003f6f   Thumb Code    32  usbh_conf.o(i.USBH_LL_ResetPort)
    USBH_LL_SetTimer                         0x08003f8f   Thumb Code     6  usbh_core.o(i.USBH_LL_SetTimer)
    USBH_LL_SetToggle                        0x08003f95   Thumb Code    32  usbh_conf.o(i.USBH_LL_SetToggle)
    USBH_LL_Start                            0x08003fb5   Thumb Code    32  usbh_conf.o(i.USBH_LL_Start)
    USBH_LL_Stop                             0x08003fd5   Thumb Code    32  usbh_conf.o(i.USBH_LL_Stop)
    USBH_LL_SubmitURB                        0x08003ff5   Thumb Code    48  usbh_conf.o(i.USBH_LL_SubmitURB)
    USBH_OpenPipe                            0x08004025   Thumb Code    20  usbh_pipes.o(i.USBH_OpenPipe)
    USBH_Process                             0x08004121   Thumb Code   360  usbh_core.o(i.USBH_Process)
    USBH_RegisterClass                       0x08004289   Thumb Code    28  usbh_core.o(i.USBH_RegisterClass)
    USBH_SelectInterface                     0x080042a5   Thumb Code    22  usbh_core.o(i.USBH_SelectInterface)
    USBH_SetAddress                          0x080042bb   Thumb Code    28  usbh_ctlreq.o(i.USBH_SetAddress)
    USBH_SetCfg                              0x080042d7   Thumb Code    28  usbh_ctlreq.o(i.USBH_SetCfg)
    USBH_Start                               0x080042f3   Thumb Code    20  usbh_core.o(i.USBH_Start)
    USB_CoreInit                             0x08004329   Thumb Code    28  stm32l4xx_ll_usb.o(i.USB_CoreInit)
    USB_DisableGlobalInt                     0x08004391   Thumb Code    12  stm32l4xx_ll_usb.o(i.USB_DisableGlobalInt)
    USB_DriveVbus                            0x0800439d   Thumb Code    44  stm32l4xx_ll_usb.o(i.USB_DriveVbus)
    USB_EnableGlobalInt                      0x080043c9   Thumb Code    12  stm32l4xx_ll_usb.o(i.USB_EnableGlobalInt)
    USB_FlushRxFifo                          0x080043d5   Thumb Code    28  stm32l4xx_ll_usb.o(i.USB_FlushRxFifo)
    USB_FlushTxFifo                          0x080043f5   Thumb Code    32  stm32l4xx_ll_usb.o(i.USB_FlushTxFifo)
    USB_GetCurrentFrame                      0x08004419   Thumb Code     8  stm32l4xx_ll_usb.o(i.USB_GetCurrentFrame)
    USB_GetHostSpeed                         0x08004421   Thumb Code    14  stm32l4xx_ll_usb.o(i.USB_GetHostSpeed)
    USB_GetMode                              0x0800442f   Thumb Code     8  stm32l4xx_ll_usb.o(i.USB_GetMode)
    USB_HC_Halt                              0x08004437   Thumb Code   376  stm32l4xx_ll_usb.o(i.USB_HC_Halt)
    USB_HC_Init                              0x080045b1   Thumb Code   210  stm32l4xx_ll_usb.o(i.USB_HC_Init)
    USB_HC_ReadInterrupt                     0x08004683   Thumb Code    12  stm32l4xx_ll_usb.o(i.USB_HC_ReadInterrupt)
    USB_HC_StartXfer                         0x08004691   Thumb Code   324  stm32l4xx_ll_usb.o(i.USB_HC_StartXfer)
    USB_HostInit                             0x080047e1   Thumb Code   152  stm32l4xx_ll_usb.o(i.USB_HostInit)
    USB_InitFSLSPClkSel                      0x08004885   Thumb Code    54  stm32l4xx_ll_usb.o(i.USB_InitFSLSPClkSel)
    USB_ReadInterrupts                       0x080048bb   Thumb Code     8  stm32l4xx_ll_usb.o(i.USB_ReadInterrupts)
    USB_ReadPacket                           0x080048c3   Thumb Code    32  stm32l4xx_ll_usb.o(i.USB_ReadPacket)
    USB_ResetPort                            0x080048e3   Thumb Code    44  stm32l4xx_ll_usb.o(i.USB_ResetPort)
    USB_SetCurrentMode                       0x0800490f   Thumb Code    44  stm32l4xx_ll_usb.o(i.USB_SetCurrentMode)
    USB_StopHost                             0x0800493b   Thumb Code   190  stm32l4xx_ll_usb.o(i.USB_StopHost)
    USB_WritePacket                          0x080049f9   Thumb Code    36  stm32l4xx_ll_usb.o(i.USB_WritePacket)
    _Error_Handler                           0x08004a1d   Thumb Code     2  main.o(i._Error_Handler)
    __scatterload_copy                       0x08004a1f   Thumb Code    14  handlers.o(i.__scatterload_copy)
    __scatterload_null                       0x08004a2d   Thumb Code     2  handlers.o(i.__scatterload_null)
    __scatterload_zeroinit                   0x08004a2f   Thumb Code    14  handlers.o(i.__scatterload_zeroinit)
    free                                     0x08004a3d   Thumb Code    76  malloc.o(i.free)
    main                                     0x08004a8d   Thumb Code    78  main.o(i.main)
    malloc                                   0x08004ae5   Thumb Code    92  malloc.o(i.malloc)
    AHBPrescTable                            0x08004b50   Data          16  system_stm32l4xx.o(.constdata)
    MSIRangeTable                            0x08004b60   Data          48  system_stm32l4xx.o(.constdata)
    APBPrescTable                            0x08004b90   Data           8  system_stm32l4xx.o(.constdata)
    Region$$Table$$Base                      0x08004b9c   Number         0  anon$$obj.o(Region$$Table)
    Region$$Table$$Limit                     0x08004bbc   Number         0  anon$$obj.o(Region$$Table)
    uwTick                                   0x20000000   Data           4  stm32l4xx_hal.o(.data)
    SystemCoreClock                          0x20000004   Data           4  system_stm32l4xx.o(.data)
    Appli_state                              0x2000000c   Data           1  usb_host.o(.data)
    CDC_Class                                0x20000010   Data          32  usbh_cdc.o(.data)
    __microlib_freelist                      0x20000030   Data           4  mvars.o(.data)
    __microlib_freelist_initialised          0x20000034   Data           4  mvars.o(.data)
    hhcd_USB_OTG_FS                          0x20000038   Data         664  usbh_conf.o(.bss)
    hi2c1                                    0x200002d0   Data          76  main.o(.bss)
    hi2c2                                    0x2000031c   Data          76  main.o(.bss)
    hlcd                                     0x20000368   Data          60  main.o(.bss)
    hqspi                                    0x200003a4   Data          68  main.o(.bss)
    hsai_BlockA1                             0x200003e8   Data         132  main.o(.bss)
    hsai_BlockB1                             0x2000046c   Data         132  main.o(.bss)
    hspi2                                    0x200004f0   Data         100  main.o(.bss)
    huart2                                   0x20000554   Data         120  main.o(.bss)
    hUsbHostFS                               0x200005cc   Data         968  usb_host.o(.bss)
    __heap_base                              0x20000998   Data           0  startup_stm32l476xx.o(HEAP)
    __heap_limit                             0x20000b98   Data           0  startup_stm32l476xx.o(HEAP)
    __initial_sp                             0x20000f98   Data           0  startup_stm32l476xx.o(STACK)



==============================================================================

Memory Map of the image

  Image Entry point : 0x08000189

  Load Region LR_IROM1 (Base: 0x08000000, Size: 0x00004bf4, Max: 0x00100000, ABSOLUTE)

    Execution Region ER_IROM1 (Exec base: 0x08000000, Load base: 0x08000000, Size: 0x00004bbc, Max: 0x00100000, ABSOLUTE)

    Exec Addr    Load Addr    Size         Type   Attr      Idx    E Section Name        Object

    0x08000000   0x08000000   0x00000188   Data   RO            3    RESET               startup_stm32l476xx.o
    0x08000188   0x08000188   0x00000000   Code   RO         4753  * .ARM.Collect$$$$00000000  mc_w.l(entry.o)
    0x08000188   0x08000188   0x00000004   Code   RO         4790    .ARM.Collect$$$$00000001  mc_w.l(entry2.o)
    0x0800018c   0x0800018c   0x00000004   Code   RO         4793    .ARM.Collect$$$$00000004  mc_w.l(entry5.o)
    0x08000190   0x08000190   0x00000000   Code   RO         4795    .ARM.Collect$$$$00000008  mc_w.l(entry7b.o)
    0x08000190   0x08000190   0x00000000   Code   RO         4797    .ARM.Collect$$$$0000000A  mc_w.l(entry8b.o)
    0x08000190   0x08000190   0x00000008   Code   RO         4798    .ARM.Collect$$$$0000000B  mc_w.l(entry9a.o)
    0x08000198   0x08000198   0x00000000   Code   RO         4800    .ARM.Collect$$$$0000000D  mc_w.l(entry10a.o)
    0x08000198   0x08000198   0x00000000   Code   RO         4802    .ARM.Collect$$$$0000000F  mc_w.l(entry11a.o)
    0x08000198   0x08000198   0x00000004   Code   RO         4791    .ARM.Collect$$$$00002712  mc_w.l(entry2.o)
    0x0800019c   0x0800019c   0x00000024   Code   RO            4    .text               startup_stm32l476xx.o
    0x080001c0   0x080001c0   0x00000068   Code   RO         4756    .text               mc_w.l(uldiv.o)
    0x08000228   0x08000228   0x00000024   Code   RO         4758    .text               mc_w.l(memcpya.o)
    0x0800024c   0x0800024c   0x0000001e   Code   RO         4804    .text               mc_w.l(llshl.o)
    0x0800026a   0x0800026a   0x00000020   Code   RO         4806    .text               mc_w.l(llushr.o)
    0x0800028a   0x0800028a   0x00000002   PAD
    0x0800028c   0x0800028c   0x00000024   Code   RO         4810    .text               mc_w.l(init.o)
    0x080002b0   0x080002b0   0x00000068   Code   RO         4318    i.CDC_ProcessReception  usbh_cdc.o
    0x08000318   0x08000318   0x00000072   Code   RO         4319    i.CDC_ProcessTransmission  usbh_cdc.o
    0x0800038a   0x0800038a   0x00000002   PAD
    0x0800038c   0x0800038c   0x00000048   Code   RO         4525    i.DeInitStateMachine  usbh_core.o
    0x080003d4   0x080003d4   0x00000016   Code   RO         4320    i.GetLineCoding     usbh_cdc.o
    0x080003ea   0x080003ea   0x0000001c   Code   RO         3487    i.HAL_Delay         stm32l4xx_hal.o
    0x08000406   0x08000406   0x00000002   PAD
    0x08000408   0x08000408   0x000001ca   Code   RO         1226    i.HAL_GPIO_Init     stm32l4xx_hal_gpio.o
    0x080005d2   0x080005d2   0x0000000a   Code   RO         1230    i.HAL_GPIO_WritePin  stm32l4xx_hal_gpio.o
    0x080005dc   0x080005dc   0x0000000c   Code   RO         3491    i.HAL_GetTick       stm32l4xx_hal.o
    0x080005e8   0x080005e8   0x00000008   Code   RO         3897    i.HAL_HCD_Connect_Callback  usbh_conf.o
    0x080005f0   0x080005f0   0x00000008   Code   RO         3898    i.HAL_HCD_Disconnect_Callback  usbh_conf.o
    0x080005f8   0x080005f8   0x00000006   Code   RO         3319    i.HAL_HCD_GetCurrentFrame  stm32l4xx_hal_hcd.o
    0x080005fe   0x080005fe   0x00000006   Code   RO         3320    i.HAL_HCD_GetCurrentSpeed  stm32l4xx_hal_hcd.o
    0x08000604   0x08000604   0x0000000e   Code   RO         3323    i.HAL_HCD_HC_GetURBState  stm32l4xx_hal_hcd.o
    0x08000612   0x08000612   0x0000000c   Code   RO         3324    i.HAL_HCD_HC_GetXferCount  stm32l4xx_hal_hcd.o
    0x0800061e   0x0800061e   0x00000024   Code   RO         3325    i.HAL_HCD_HC_Halt   stm32l4xx_hal_hcd.o
    0x08000642   0x08000642   0x00000054   Code   RO         3326    i.HAL_HCD_HC_Init   stm32l4xx_hal_hcd.o
    0x08000696   0x08000696   0x00000002   Code   RO         3899    i.HAL_HCD_HC_NotifyURBChange_Callback  usbh_conf.o
    0x08000698   0x08000698   0x000000b6   Code   RO         3328    i.HAL_HCD_HC_SubmitRequest  stm32l4xx_hal_hcd.o
    0x0800074e   0x0800074e   0x00000002   PAD
    0x08000750   0x08000750   0x0000012e   Code   RO         3329    i.HAL_HCD_IRQHandler  stm32l4xx_hal_hcd.o
    0x0800087e   0x0800087e   0x00000068   Code   RO         3330    i.HAL_HCD_Init      stm32l4xx_hal_hcd.o
    0x080008e6   0x080008e6   0x00000002   PAD
    0x080008e8   0x080008e8   0x00000080   Code   RO         3901    i.HAL_HCD_MspInit   usbh_conf.o
    0x08000968   0x08000968   0x00000006   Code   RO         3333    i.HAL_HCD_ResetPort  stm32l4xx_hal_hcd.o
    0x0800096e   0x0800096e   0x00000008   Code   RO         3902    i.HAL_HCD_SOF_Callback  usbh_conf.o
    0x08000976   0x08000976   0x0000002c   Code   RO         3335    i.HAL_HCD_Start     stm32l4xx_hal_hcd.o
    0x080009a2   0x080009a2   0x00000024   Code   RO         3336    i.HAL_HCD_Stop      stm32l4xx_hal_hcd.o
    0x080009c6   0x080009c6   0x00000056   Code   RO          226    i.HAL_I2CEx_ConfigAnalogFilter  stm32l4xx_hal_i2c_ex.o
    0x08000a1c   0x08000a1c   0x00000052   Code   RO          227    i.HAL_I2CEx_ConfigDigitalFilter  stm32l4xx_hal_i2c_ex.o
    0x08000a6e   0x08000a6e   0x00000002   PAD
    0x08000a70   0x08000a70   0x000000b8   Code   RO         1860    i.HAL_I2C_Init      stm32l4xx_hal_i2c.o
    0x08000b28   0x08000b28   0x0000006c   Code   RO         4104    i.HAL_I2C_MspInit   stm32l4xx_hal_msp.o
    0x08000b94   0x08000b94   0x00000010   Code   RO         3495    i.HAL_IncTick       stm32l4xx_hal.o
    0x08000ba4   0x08000ba4   0x00000024   Code   RO         3496    i.HAL_Init          stm32l4xx_hal.o
    0x08000bc8   0x08000bc8   0x00000028   Code   RO         3497    i.HAL_InitTick      stm32l4xx_hal.o
    0x08000bf0   0x08000bf0   0x000000fc   Code   RO          284    i.HAL_LCD_Init      stm32l4xx_hal_lcd.o
    0x08000cec   0x08000cec   0x00000098   Code   RO         4106    i.HAL_LCD_MspInit   stm32l4xx_hal_msp.o
    0x08000d84   0x08000d84   0x00000080   Code   RO         4107    i.HAL_MspInit       stm32l4xx_hal_msp.o
    0x08000e04   0x08000e04   0x00000016   Code   RO         2282    i.HAL_NVIC_EnableIRQ  stm32l4xx_hal_cortex.o
    0x08000e1a   0x08000e1a   0x00000002   PAD
    0x08000e1c   0x08000e1c   0x00000040   Code   RO         2288    i.HAL_NVIC_SetPriority  stm32l4xx_hal_cortex.o
    0x08000e5c   0x08000e5c   0x00000024   Code   RO         2289    i.HAL_NVIC_SetPriorityGrouping  stm32l4xx_hal_cortex.o
    0x08000e80   0x08000e80   0x00000064   Code   RO         2776    i.HAL_PWREx_ControlVoltageScaling  stm32l4xx_hal_pwr_ex.o
    0x08000ee4   0x08000ee4   0x00000010   Code   RO         2802    i.HAL_PWREx_EnableVddUSB  stm32l4xx_hal_pwr_ex.o
    0x08000ef4   0x08000ef4   0x00000010   Code   RO         2807    i.HAL_PWREx_GetVoltageRange  stm32l4xx_hal_pwr_ex.o
    0x08000f04   0x08000f04   0x000000b0   Code   RO          373    i.HAL_QSPI_Init     stm32l4xx_hal_qspi.o
    0x08000fb4   0x08000fb4   0x0000004c   Code   RO         4109    i.HAL_QSPI_MspInit  stm32l4xx_hal_msp.o
    0x08001000   0x08001000   0x00000010   Code   RO         3701    i.HAL_RCCEx_EnableMSIPLLMode  stm32l4xx_hal_rcc_ex.o
    0x08001010   0x08001010   0x00000440   Code   RO         3705    i.HAL_RCCEx_GetPeriphCLKFreq  stm32l4xx_hal_rcc_ex.o
    0x08001450   0x08001450   0x000003ae   Code   RO         3708    i.HAL_RCCEx_PeriphCLKConfig  stm32l4xx_hal_rcc_ex.o
    0x080017fe   0x080017fe   0x00000002   PAD
    0x08001800   0x08001800   0x00000178   Code   RO          713    i.HAL_RCC_ClockConfig  stm32l4xx_hal_rcc.o
    0x08001978   0x08001978   0x0000000c   Code   RO          717    i.HAL_RCC_GetHCLKFreq  stm32l4xx_hal_rcc.o
    0x08001984   0x08001984   0x00000020   Code   RO          719    i.HAL_RCC_GetPCLK1Freq  stm32l4xx_hal_rcc.o
    0x080019a4   0x080019a4   0x00000020   Code   RO          720    i.HAL_RCC_GetPCLK2Freq  stm32l4xx_hal_rcc.o
    0x080019c4   0x080019c4   0x000000c4   Code   RO          721    i.HAL_RCC_GetSysClockFreq  stm32l4xx_hal_rcc.o
    0x08001a88   0x08001a88   0x00000468   Code   RO          724    i.HAL_RCC_OscConfig  stm32l4xx_hal_rcc.o
    0x08001ef0   0x08001ef0   0x000001cc   Code   RO         1302    i.HAL_SAI_Init      stm32l4xx_hal_sai.o
    0x080020bc   0x080020bc   0x000000be   Code   RO         4111    i.HAL_SAI_MspInit   stm32l4xx_hal_msp.o
    0x0800217a   0x0800217a   0x000000ac   Code   RO         2423    i.HAL_SPI_Init      stm32l4xx_hal_spi.o
    0x08002226   0x08002226   0x00000002   PAD
    0x08002228   0x08002228   0x0000004c   Code   RO         4113    i.HAL_SPI_MspInit   stm32l4xx_hal_msp.o
    0x08002274   0x08002274   0x00000018   Code   RO         2291    i.HAL_SYSTICK_CLKSourceConfig  stm32l4xx_hal_cortex.o
    0x0800228c   0x0800228c   0x00000002   Code   RO         2292    i.HAL_SYSTICK_Callback  stm32l4xx_hal_cortex.o
    0x0800228e   0x0800228e   0x00000028   Code   RO         2293    i.HAL_SYSTICK_Config  stm32l4xx_hal_cortex.o
    0x080022b6   0x080022b6   0x00000008   Code   RO         2294    i.HAL_SYSTICK_IRQHandler  stm32l4xx_hal_cortex.o
    0x080022be   0x080022be   0x0000006a   Code   RO          839    i.HAL_UART_Init     stm32l4xx_hal_uart.o
    0x08002328   0x08002328   0x0000004c   Code   RO         4115    i.HAL_UART_MspInit  stm32l4xx_hal_msp.o
    0x08002374   0x08002374   0x00000240   Code   RO         3337    i.HCD_HC_IN_IRQHandler  stm32l4xx_hal_hcd.o
    0x080025b4   0x080025b4   0x0000022c   Code   RO         3338    i.HCD_HC_OUT_IRQHandler  stm32l4xx_hal_hcd.o
    0x080027e0   0x080027e0   0x000000b0   Code   RO         3339    i.HCD_Port_IRQHandler  stm32l4xx_hal_hcd.o
    0x08002890   0x08002890   0x00000070   Code   RO         3340    i.HCD_RXQLVL_IRQHandler  stm32l4xx_hal_hcd.o
    0x08002900   0x08002900   0x00000030   Code   RO          289    i.LCD_WaitForSynchro  stm32l4xx_hal_lcd.o
    0x08002930   0x08002930   0x00000018   Code   RO         3867    i.MX_DriverVbusFS   usbh_platform.o
    0x08002948   0x08002948   0x000001ca   Code   RO         4201    i.MX_GPIO_Init      main.o
    0x08002b12   0x08002b12   0x00000002   PAD
    0x08002b14   0x08002b14   0x00000050   Code   RO         4202    i.MX_I2C1_Init      main.o
    0x08002b64   0x08002b64   0x00000050   Code   RO         4203    i.MX_I2C2_Init      main.o
    0x08002bb4   0x08002bb4   0x00000038   Code   RO         4204    i.MX_LCD_Init       main.o
    0x08002bec   0x08002bec   0x00000098   Code   RO         4205    i.MX_SAI1_Init      main.o
    0x08002c84   0x08002c84   0x00000048   Code   RO         4206    i.MX_SPI2_Init      main.o
    0x08002ccc   0x08002ccc   0x00000038   Code   RO         4207    i.MX_USART2_UART_Init  main.o
    0x08002d04   0x08002d04   0x0000002c   Code   RO         4275    i.MX_USB_HOST_Init  usb_host.o
    0x08002d30   0x08002d30   0x0000000c   Code   RO         4276    i.MX_USB_HOST_Process  usb_host.o
    0x08002d3c   0x08002d3c   0x00000020   Code   RO         2295    i.NVIC_SetPriority  stm32l4xx_hal_cortex.o
    0x08002d5c   0x08002d5c   0x0000000c   Code   RO         4069    i.OTG_FS_IRQHandler  stm32l4xx_it.o
    0x08002d68   0x08002d68   0x00000048   Code   RO          398    i.QSPI_WaitFlagStateUntilTimeout  stm32l4xx_hal_qspi.o
    0x08002db0   0x08002db0   0x0000012c   Code   RO         3711    i.RCCEx_PLLSAI1_Config  stm32l4xx_hal_rcc_ex.o
    0x08002edc   0x08002edc   0x00000108   Code   RO         3712    i.RCCEx_PLLSAI2_Config  stm32l4xx_hal_rcc_ex.o
    0x08002fe4   0x08002fe4   0x0000007c   Code   RO          725    i.RCC_SetFlashLatencyFromMSIRange  stm32l4xx_hal_rcc.o
    0x08003060   0x08003060   0x0000003c   Code   RO         1322    i.SAI_Disable       stm32l4xx_hal_sai.o
    0x0800309c   0x0800309c   0x0000000e   Code   RO         4070    i.SysTick_Handler   stm32l4xx_it.o
    0x080030aa   0x080030aa   0x00000002   PAD
    0x080030ac   0x080030ac   0x000000cc   Code   RO         4208    i.SystemClock_Config  main.o
    0x08003178   0x08003178   0x00000044   Code   RO         3830    i.SystemInit        system_stm32l4xx.o
    0x080031bc   0x080031bc   0x000000c8   Code   RO          852    i.UART_AdvFeatureConfig  stm32l4xx_hal_uart.o
    0x08003284   0x08003284   0x0000005c   Code   RO          853    i.UART_CheckIdleState  stm32l4xx_hal_uart.o
    0x080032e0   0x080032e0   0x000002a0   Code   RO          868    i.UART_SetConfig    stm32l4xx_hal_uart.o
    0x08003580   0x08003580   0x00000064   Code   RO          871    i.UART_WaitOnFlagUntilTimeout  stm32l4xx_hal_uart.o
    0x080035e4   0x080035e4   0x00000034   Code   RO         4714    i.USBH_AllocPipe    usbh_pipes.o
    0x08003618   0x08003618   0x00000020   Code   RO         4642    i.USBH_BulkReceiveData  usbh_ioreq.o
    0x08003638   0x08003638   0x00000028   Code   RO         4643    i.USBH_BulkSendData  usbh_ioreq.o
    0x08003660   0x08003660   0x00000024   Code   RO         4321    i.USBH_CDC_ClassRequest  usbh_cdc.o
    0x08003684   0x08003684   0x0000005e   Code   RO         4324    i.USBH_CDC_InterfaceDeInit  usbh_cdc.o
    0x080036e2   0x080036e2   0x00000134   Code   RO         4325    i.USBH_CDC_InterfaceInit  usbh_cdc.o
    0x08003816   0x08003816   0x00000002   Code   RO         4326    i.USBH_CDC_LineCodingChanged  usbh_cdc.o
    0x08003818   0x08003818   0x000000b8   Code   RO         4327    i.USBH_CDC_Process  usbh_cdc.o
    0x080038d0   0x080038d0   0x00000002   Code   RO         4329    i.USBH_CDC_ReceiveCallback  usbh_cdc.o
    0x080038d2   0x080038d2   0x00000004   Code   RO         4330    i.USBH_CDC_SOFProcess  usbh_cdc.o
    0x080038d6   0x080038d6   0x00000002   Code   RO         4334    i.USBH_CDC_TransmitCallback  usbh_cdc.o
    0x080038d8   0x080038d8   0x0000000a   Code   RO         4715    i.USBH_ClosePipe    usbh_pipes.o
    0x080038e2   0x080038e2   0x0000001e   Code   RO         4437    i.USBH_ClrFeature   usbh_ctlreq.o
    0x08003900   0x08003900   0x0000001e   Code   RO         4644    i.USBH_CtlReceiveData  usbh_ioreq.o
    0x0800391e   0x0800391e   0x00000036   Code   RO         4438    i.USBH_CtlReq       usbh_ctlreq.o
    0x08003954   0x08003954   0x00000028   Code   RO         4645    i.USBH_CtlSendData  usbh_ioreq.o
    0x0800397c   0x0800397c   0x0000001e   Code   RO         4646    i.USBH_CtlSendSetup  usbh_ioreq.o
    0x0800399a   0x0800399a   0x00000004   Code   RO         3903    i.USBH_Delay        usbh_conf.o
    0x0800399e   0x0800399e   0x00000044   Code   RO         4527    i.USBH_FindInterface  usbh_core.o
    0x080039e2   0x080039e2   0x00000018   Code   RO         4716    i.USBH_FreePipe     usbh_pipes.o
    0x080039fa   0x080039fa   0x00000034   Code   RO         4439    i.USBH_GetDescriptor  usbh_ctlreq.o
    0x08003a2e   0x08003a2e   0x0000000e   Code   RO         4440    i.USBH_GetNextDesc  usbh_ctlreq.o
    0x08003a3c   0x08003a3c   0x0000002c   Code   RO         4441    i.USBH_Get_CfgDesc  usbh_ctlreq.o
    0x08003a68   0x08003a68   0x0000009a   Code   RO         4442    i.USBH_Get_DevDesc  usbh_ctlreq.o
    0x08003b02   0x08003b02   0x00000048   Code   RO         4443    i.USBH_Get_StringDesc  usbh_ctlreq.o
    0x08003b4a   0x08003b4a   0x00000184   Code   RO         4444    i.USBH_HandleControl  usbh_ctlreq.o
    0x08003cce   0x08003cce   0x000000f2   Code   RO         4530    i.USBH_HandleEnum   usbh_core.o
    0x08003dc0   0x08003dc0   0x00000030   Code   RO         4531    i.USBH_Init         usbh_core.o
    0x08003df0   0x08003df0   0x00000020   Code   RO         3904    i.USBH_LL_ClosePipe  usbh_conf.o
    0x08003e10   0x08003e10   0x00000028   Code   RO         4532    i.USBH_LL_Connect   usbh_core.o
    0x08003e38   0x08003e38   0x00000038   Code   RO         4533    i.USBH_LL_Disconnect  usbh_core.o
    0x08003e70   0x08003e70   0x0000001a   Code   RO         3906    i.USBH_LL_DriverVBUS  usbh_conf.o
    0x08003e8a   0x08003e8a   0x00000008   Code   RO         3907    i.USBH_LL_GetLastXferSize  usbh_conf.o
    0x08003e92   0x08003e92   0x00000022   Code   RO         3908    i.USBH_LL_GetSpeed  usbh_conf.o
    0x08003eb4   0x08003eb4   0x00000008   Code   RO         3910    i.USBH_LL_GetURBState  usbh_conf.o
    0x08003ebc   0x08003ebc   0x0000001e   Code   RO         4534    i.USBH_LL_IncTimer  usbh_core.o
    0x08003eda   0x08003eda   0x00000002   PAD
    0x08003edc   0x08003edc   0x00000068   Code   RO         3911    i.USBH_LL_Init      usbh_conf.o
    0x08003f44   0x08003f44   0x0000002a   Code   RO         3912    i.USBH_LL_OpenPipe  usbh_conf.o
    0x08003f6e   0x08003f6e   0x00000020   Code   RO         3913    i.USBH_LL_ResetPort  usbh_conf.o
    0x08003f8e   0x08003f8e   0x00000006   Code   RO         4535    i.USBH_LL_SetTimer  usbh_core.o
    0x08003f94   0x08003f94   0x00000020   Code   RO         3914    i.USBH_LL_SetToggle  usbh_conf.o
    0x08003fb4   0x08003fb4   0x00000020   Code   RO         3915    i.USBH_LL_Start     usbh_conf.o
    0x08003fd4   0x08003fd4   0x00000020   Code   RO         3916    i.USBH_LL_Stop      usbh_conf.o
    0x08003ff4   0x08003ff4   0x00000030   Code   RO         3917    i.USBH_LL_SubmitURB  usbh_conf.o
    0x08004024   0x08004024   0x00000014   Code   RO         4717    i.USBH_OpenPipe     usbh_pipes.o
    0x08004038   0x08004038   0x000000e8   Code   RO         4445    i.USBH_ParseCfgDesc  usbh_ctlreq.o
    0x08004120   0x08004120   0x00000168   Code   RO         4536    i.USBH_Process      usbh_core.o
    0x08004288   0x08004288   0x0000001c   Code   RO         4538    i.USBH_RegisterClass  usbh_core.o
    0x080042a4   0x080042a4   0x00000016   Code   RO         4539    i.USBH_SelectInterface  usbh_core.o
    0x080042ba   0x080042ba   0x0000001c   Code   RO         4446    i.USBH_SetAddress   usbh_ctlreq.o
    0x080042d6   0x080042d6   0x0000001c   Code   RO         4447    i.USBH_SetCfg       usbh_ctlreq.o
    0x080042f2   0x080042f2   0x00000014   Code   RO         4540    i.USBH_Start        usbh_core.o
    0x08004306   0x08004306   0x00000002   PAD
    0x08004308   0x08004308   0x00000020   Code   RO         4277    i.USBH_UserProcess  usb_host.o
    0x08004328   0x08004328   0x0000001c   Code   RO         1559    i.USB_CoreInit      stm32l4xx_ll_usb.o
    0x08004344   0x08004344   0x0000004c   Code   RO         1560    i.USB_CoreReset     stm32l4xx_ll_usb.o
    0x08004390   0x08004390   0x0000000c   Code   RO         1567    i.USB_DisableGlobalInt  stm32l4xx_ll_usb.o
    0x0800439c   0x0800439c   0x0000002c   Code   RO         1569    i.USB_DriveVbus     stm32l4xx_ll_usb.o
    0x080043c8   0x080043c8   0x0000000c   Code   RO         1575    i.USB_EnableGlobalInt  stm32l4xx_ll_usb.o
    0x080043d4   0x080043d4   0x00000020   Code   RO         1576    i.USB_FlushRxFifo   stm32l4xx_ll_usb.o
    0x080043f4   0x080043f4   0x00000024   Code   RO         1577    i.USB_FlushTxFifo   stm32l4xx_ll_usb.o
    0x08004418   0x08004418   0x00000008   Code   RO         1578    i.USB_GetCurrentFrame  stm32l4xx_ll_usb.o
    0x08004420   0x08004420   0x0000000e   Code   RO         1580    i.USB_GetHostSpeed  stm32l4xx_ll_usb.o
    0x0800442e   0x0800442e   0x00000008   Code   RO         1581    i.USB_GetMode       stm32l4xx_ll_usb.o
    0x08004436   0x08004436   0x00000178   Code   RO         1582    i.USB_HC_Halt       stm32l4xx_ll_usb.o
    0x080045ae   0x080045ae   0x00000002   PAD
    0x080045b0   0x080045b0   0x000000d2   Code   RO         1583    i.USB_HC_Init       stm32l4xx_ll_usb.o
    0x08004682   0x08004682   0x0000000c   Code   RO         1584    i.USB_HC_ReadInterrupt  stm32l4xx_ll_usb.o
    0x0800468e   0x0800468e   0x00000002   PAD
    0x08004690   0x08004690   0x0000014e   Code   RO         1585    i.USB_HC_StartXfer  stm32l4xx_ll_usb.o
    0x080047de   0x080047de   0x00000002   PAD
    0x080047e0   0x080047e0   0x000000a4   Code   RO         1586    i.USB_HostInit      stm32l4xx_ll_usb.o
    0x08004884   0x08004884   0x00000036   Code   RO         1587    i.USB_InitFSLSPClkSel  stm32l4xx_ll_usb.o
    0x080048ba   0x080048ba   0x00000008   Code   RO         1592    i.USB_ReadInterrupts  stm32l4xx_ll_usb.o
    0x080048c2   0x080048c2   0x00000020   Code   RO         1593    i.USB_ReadPacket    stm32l4xx_ll_usb.o
    0x080048e2   0x080048e2   0x0000002c   Code   RO         1594    i.USB_ResetPort     stm32l4xx_ll_usb.o
    0x0800490e   0x0800490e   0x0000002c   Code   RO         1595    i.USB_SetCurrentMode  stm32l4xx_ll_usb.o
    0x0800493a   0x0800493a   0x000000be   Code   RO         1599    i.USB_StopHost      stm32l4xx_ll_usb.o
    0x080049f8   0x080049f8   0x00000024   Code   RO         1600    i.USB_WritePacket   stm32l4xx_ll_usb.o
    0x08004a1c   0x08004a1c   0x00000002   Code   RO         4209    i._Error_Handler    main.o
    0x08004a1e   0x08004a1e   0x0000000e   Code   RO         4814    i.__scatterload_copy  mc_w.l(handlers.o)
    0x08004a2c   0x08004a2c   0x00000002   Code   RO         4815    i.__scatterload_null  mc_w.l(handlers.o)
    0x08004a2e   0x08004a2e   0x0000000e   Code   RO         4816    i.__scatterload_zeroinit  mc_w.l(handlers.o)
    0x08004a3c   0x08004a3c   0x00000050   Code   RO         4762    i.free              mc_w.l(malloc.o)
    0x08004a8c   0x08004a8c   0x00000058   Code   RO         4210    i.main              main.o
    0x08004ae4   0x08004ae4   0x0000006c   Code   RO         4763    i.malloc            mc_w.l(malloc.o)
    0x08004b50   0x08004b50   0x00000040   Data   RO         3831    .constdata          system_stm32l4xx.o
    0x08004b90   0x08004b90   0x00000008   Data   RO         3832    .constdata          system_stm32l4xx.o
    0x08004b98   0x08004b98   0x00000004   Data   RO         4335    .conststring        usbh_cdc.o
    0x08004b9c   0x08004b9c   0x00000020   Data   RO         4812    Region$$Table       anon$$obj.o


    Execution Region RW_IRAM1 (Exec base: 0x20000000, Load base: 0x08004bbc, Size: 0x00000f98, Max: 0x00018000, ABSOLUTE)

    Exec Addr    Load Addr    Size         Type   Attr      Idx    E Section Name        Object

    0x20000000   0x08004bbc   0x00000004   Data   RW         3512    .data               stm32l4xx_hal.o
    0x20000004   0x08004bc0   0x00000004   Data   RW         3833    .data               system_stm32l4xx.o
    0x20000008   0x08004bc4   0x00000004   Data   RW         4116    .data               stm32l4xx_hal_msp.o
    0x2000000c   0x08004bc8   0x00000001   Data   RW         4279    .data               usb_host.o
    0x2000000d   0x08004bc9   0x00000003   PAD
    0x20000010   0x08004bcc   0x00000020   Data   RW         4336    .data               usbh_cdc.o
    0x20000030   0x08004bec   0x00000004   Data   RW         4808    .data               mc_w.l(mvars.o)
    0x20000034   0x08004bf0   0x00000004   Data   RW         4809    .data               mc_w.l(mvars.o)
    0x20000038        -       0x00000298   Zero   RW         3918    .bss                usbh_conf.o
    0x200002d0        -       0x000002fc   Zero   RW         4211    .bss                main.o
    0x200005cc        -       0x000003c8   Zero   RW         4278    .bss                usb_host.o
    0x20000994   0x08004bf4   0x00000004   PAD
    0x20000998        -       0x00000200   Zero   RW            2    HEAP                startup_stm32l476xx.o
    0x20000b98        -       0x00000400   Zero   RW            1    STACK               startup_stm32l476xx.o


==============================================================================

Image component sizes


      Code (inc. data)   RO Data    RW Data    ZI Data      Debug   Object Name

      1248        110          0          0        764       7637   main.o
        36          8        392          0       1536        900   startup_stm32l476xx.o
       132         22          0          4          0       4611   stm32l4xx_hal.o
       228         14          0          0          0      32737   stm32l4xx_hal_cortex.o
         0          0          0          0          0     839584   stm32l4xx_hal_dma.o
       468         38          0          0          0       2724   stm32l4xx_hal_gpio.o
      2252          4          0          0          0      14577   stm32l4xx_hal_hcd.o
       184          6          0          0          0       3119   stm32l4xx_hal_i2c.o
       168          0          0          0          0       2115   stm32l4xx_hal_i2c_ex.o
       300          4          0          0          0       2256   stm32l4xx_hal_lcd.o
       806        100          0          4          0       5936   stm32l4xx_hal_msp.o
       132         24          0          0          0       2107   stm32l4xx_hal_pwr_ex.o
       248         10          0          0          0       2938   stm32l4xx_hal_qspi.o
      1900         94          0          0          0       7708   stm32l4xx_hal_rcc.o
      2610         74          0          0          0       7262   stm32l4xx_hal_rcc_ex.o
       520         16          0          0          0       2743   stm32l4xx_hal_sai.o
       172          0          0          0          0       1379   stm32l4xx_hal_spi.o
      1170         70          0          0          0       5685   stm32l4xx_hal_uart.o
        26          6          0          0          0       1086   stm32l4xx_it.o
      1774         30          0          0          0      17658   stm32l4xx_ll_usb.o
        68         12         72          4          0       1409   system_stm32l4xx.o
        88         24          0          1        968       2414   usb_host.o
       872          6          4         32          0      13608   usbh_cdc.o
       588         32          0          0        664      20352   usbh_conf.o
       992         20          0          0          0      10484   usbh_core.o
      1096         12          0          0          0      10736   usbh_ctlreq.o
       172          0          0          0          0       4752   usbh_ioreq.o
       106          0          0          0          0       3690   usbh_pipes.o
        24          6          0          0          0       1134   usbh_platform.o

    ----------------------------------------------------------------------
     18410        742        500         48       3936    1033341   Object Totals
         0          0         32          0          0          0   (incl. Generated)
        30          0          0          3          4          0   (incl. Padding)

    ----------------------------------------------------------------------

      Code (inc. data)   RO Data    RW Data    ZI Data      Debug   Library Member Name

         0          0          0          0          0          0   entry.o
         0          0          0          0          0          0   entry10a.o
         0          0          0          0          0          0   entry11a.o
         8          4          0          0          0          0   entry2.o
         4          0          0          0          0          0   entry5.o
         0          0          0          0          0          0   entry7b.o
         0          0          0          0          0          0   entry8b.o
         8          4          0          0          0          0   entry9a.o
        30          0          0          0          0          0   handlers.o
        36          8          0          0          0         68   init.o
        30          0          0          0          0         68   llshl.o
        32          0          0          0          0         68   llushr.o
       188         20          0          0          0        160   malloc.o
        36          0          0          0          0         68   memcpya.o
         0          0          0          8          0          0   mvars.o
       104          0          0          0          0         92   uldiv.o

    ----------------------------------------------------------------------
       478         36          0          8          0        524   Library Totals
         2          0          0          0          0          0   (incl. Padding)

    ----------------------------------------------------------------------

      Code (inc. data)   RO Data    RW Data    ZI Data      Debug   Library Name

       476         36          0          8          0        524   mc_w.l

    ----------------------------------------------------------------------
       478         36          0          8          0        524   Library Totals

    ----------------------------------------------------------------------

==============================================================================


      Code (inc. data)   RO Data    RW Data    ZI Data      Debug   

     18888        778        500         56       3936    1017861   Grand Totals
     18888        778        500         56       3936    1017861   ELF Image Totals
     18888        778        500         56          0          0   ROM Totals

==============================================================================

    Total RO  Size (Code + RO Data)                19388 (  18.93kB)
    Total RW  Size (RW Data + ZI Data)              3992 (   3.90kB)
    Total ROM Size (Code + RO Data + RW Data)      19444 (  18.99kB)

==============================================================================

