<html>
<body>
<pre>
<h1>µVision Build Log</h1>
<h2>Tool Versions:</h2>
IDE-Version: µVision V5.24.2.0
Copyright (C) 2017 ARM Ltd and ARM Germany GmbH. All rights reserved.
License Information: manoj -, -, LIC=NHY12-9LHN6-32HL5-G5UZ1-LB2KJ-31E63
 
Tool Versions:
Toolchain:       MDK-ARM Professional  Version: 5.24.1
Toolchain Path:  C:\Keil_v5\ARM\ARMCC\Bin
C Compiler:      Armcc.exe V5.06 update 5 (build 528)
Assembler:       Armasm.exe V5.06 update 5 (build 528)
Linker/Locator:  ArmLink.exe V5.06 update 5 (build 528)
Library Manager: ArmAr.exe V5.06 update 5 (build 528)
Hex Converter:   FromElf.exe V5.06 update 5 (build 528)
CPU DLL:         SARMCM3.DLL V5.24.1
Dialog DLL:      DCM.DLL V1.16.0.0
Target DLL:      STLink\ST-LINKIII-KEIL_SWO.dll V3.0.1.0
Dialog DLL:      TCM.DLL V1.32.0.0
 
<h2>Project:</h2>
C:\Users\TheVeganElectrolance\Documents\Electrolance Company\Projects\TravellerDevice\Evaluvation_test\MDK-ARM\Evaluvation_test.uvprojx
Project File Date:  06/22/2018

<h2>Output:</h2>
*** Using Compiler 'V5.06 update 5 (build 528)', folder: 'C:\Keil_v5\ARM\ARMCC\Bin'
Build target 'Evaluvation_test'
assembling startup_stm32l476xx.s...
compiling stm32l4xx_hal_dma.c...
compiling stm32l4xx_hal_i2c_ex.c...
compiling stm32l4xx_hal_lcd.c...
compiling stm32l4xx_hal_qspi.c...
compiling stm32l4xx_hal_flash_ex.c...
compiling stm32l4xx_hal_dma_ex.c...
compiling stm32l4xx_hal_rcc.c...
compiling stm32l4xx_hal_uart.c...
compiling stm32l4xx_hal_uart_ex.c...
compiling stm32l4xx_hal_gpio.c...
compiling stm32l4xx_hal_sai.c...
compiling stm32l4xx_ll_usb.c...
compiling stm32l4xx_hal_i2c.c...
compiling stm32l4xx_hal_cortex.c...
compiling stm32l4xx_hal_spi.c...
compiling stm32l4xx_hal_sai_ex.c...
compiling stm32l4xx_hal_tim_ex.c...
compiling stm32l4xx_hal_pwr_ex.c...
compiling stm32l4xx_hal_flash_ramfunc.c...
compiling stm32l4xx_hal_spi_ex.c...
compiling stm32l4xx_hal_tim.c...
compiling stm32l4xx_hal_flash.c...
compiling stm32l4xx_hal_pwr.c...
compiling stm32l4xx_hal_hcd.c...
compiling stm32l4xx_hal.c...
compiling stm32l4xx_hal_rcc_ex.c...
compiling system_stm32l4xx.c...
compiling usbh_platform.c...
compiling usbh_conf.c...
compiling stm32l4xx_it.c...
compiling stm32l4xx_hal_msp.c...
compiling main.c...
compiling usb_host.c...
compiling usbh_cdc.c...
compiling usbh_ctlreq.c...
compiling usbh_core.c...
compiling usbh_ioreq.c...
compiling usbh_pipes.c...
linking...
Program Size: Code=18888 RO-data=500 RW-data=56 ZI-data=3936  
"Evaluvation_test\Evaluvation_test.axf" - 0 Error(s), 0 Warning(s).

<h2>Software Packages used:</h2>

Package Vendor: ARM
                http://www.keil.com/pack/ARM.CMSIS.5.3.0.pack
                ARM.CMSIS.5.3.0
                CMSIS (Cortex Microcontroller Software Interface Standard)
   * Component: CORE Version: 5.1.1

Package Vendor: Keil
                http://www.keil.com/pack/Keil.STM32L4xx_DFP.2.0.0.pack
                Keil.STM32L4xx_DFP.2.0.0
                STMicroelectronics STM32L4 Series Device Support, Drivers and Examples

<h2>Collection of Component include folders:</h2>
  .\RTE\_Evaluvation_test
  C:\Keil_v5\ARM\PACK\ARM\CMSIS\5.3.0\CMSIS\Include
  C:\Keil_v5\ARM\PACK\Keil\STM32L4xx_DFP\2.0.0\Drivers\CMSIS\Device\ST\STM32L4xx\Include

<h2>Collection of Component Files used:</h2>

   * Component: ARM::CMSIS:CORE:5.1.1
Build Time Elapsed:  00:07:12
</pre>
</body>
</html>
